Component: ARM Compiler 5.05 update 1 (build 106) Tool: armlink [4d0efa]

==============================================================================

Section Cross References

    common.o(i.GetInputString) refers to common.o(i.GetKey) for GetKey
    common.o(i.GetInputString) refers to common.o(i.Serial_PutString) for Serial_PutString
    common.o(i.GetInputString) refers to common.o(i.SerialPutChar) for SerialPutChar
    common.o(i.GetIntegerInput) refers to common.o(i.GetInputString) for GetInputString
    common.o(i.GetIntegerInput) refers to common.o(i.Str2Int) for Str2Int
    common.o(i.GetIntegerInput) refers to common.o(i.Serial_PutString) for Serial_PutString
    common.o(i.GetKey) refers to common.o(i.SerialKeyPressed) for SerialKeyPressed
    common.o(i.SerialKeyPressed) refers to stm32f4xx_usart.o(i.USART_GetFlagStatus) for USART_GetFlagStatus
    common.o(i.SerialPutChar) refers to stm32f4xx_gpio.o(i.GPIO_SetBits) for GPIO_SetBits
    common.o(i.SerialPutChar) refers to stm32f4xx_usart.o(i.USART_SendData) for USART_SendData
    common.o(i.SerialPutChar) refers to stm32f4xx_usart.o(i.USART_GetFlagStatus) for USART_GetFlagStatus
    common.o(i.SerialPutChar) refers to common.o(i.Delay_us) for Delay_us
    common.o(i.SerialPutChar) refers to stm32f4xx_gpio.o(i.GPIO_ResetBits) for GPIO_ResetBits
    common.o(i.Serial_PutString) refers to common.o(i.SerialPutChar) for SerialPutChar
    flash_if.o(i.FLASH_If_DisableWriteProtection) refers to flash_if.o(i.GetSector) for GetSector
    flash_if.o(i.FLASH_If_DisableWriteProtection) refers to stm32f4xx_flash.o(i.FLASH_OB_Unlock) for FLASH_OB_Unlock
    flash_if.o(i.FLASH_If_DisableWriteProtection) refers to stm32f4xx_flash.o(i.FLASH_OB_WRPConfig) for FLASH_OB_WRPConfig
    flash_if.o(i.FLASH_If_DisableWriteProtection) refers to stm32f4xx_flash.o(i.FLASH_OB_Launch) for FLASH_OB_Launch
    flash_if.o(i.FLASH_If_Erase) refers to flash_if.o(i.GetSector) for GetSector
    flash_if.o(i.FLASH_If_Erase) refers to stm32f4xx_flash.o(i.FLASH_EraseSector) for FLASH_EraseSector
    flash_if.o(i.FLASH_If_GetWriteProtectionStatus) refers to flash_if.o(i.GetSector) for GetSector
    flash_if.o(i.FLASH_If_GetWriteProtectionStatus) refers to stm32f4xx_flash.o(i.FLASH_OB_GetWRP) for FLASH_OB_GetWRP
    flash_if.o(i.FLASH_If_Init) refers to stm32f4xx_flash.o(i.FLASH_Unlock) for FLASH_Unlock
    flash_if.o(i.FLASH_If_Init) refers to stm32f4xx_flash.o(i.FLASH_ClearFlag) for FLASH_ClearFlag
    flash_if.o(i.FLASH_If_Write) refers to stm32f4xx_flash.o(i.FLASH_ProgramWord) for FLASH_ProgramWord
    main.o(i.IAP_Init) refers to stm32f4xx_rcc.o(i.RCC_AHB1PeriphClockCmd) for RCC_AHB1PeriphClockCmd
    main.o(i.IAP_Init) refers to stm32f4xx_gpio.o(i.GPIO_Init) for GPIO_Init
    main.o(i.IAP_Init) refers to stm32f4xx_gpio.o(i.GPIO_ResetBits) for GPIO_ResetBits
    main.o(i.IAP_Init) refers to stm324xg_eval.o(i.STM_EVAL_COMInit) for STM_EVAL_COMInit
    main.o(i.main) refers to flash_if.o(i.FLASH_If_Init) for FLASH_If_Init
    main.o(i.main) refers to main.o(i.IAP_Init) for IAP_Init
    main.o(i.main) refers to menu.o(i.Main_Menu) for Main_Menu
    main.o(i.main) refers to main.o(.data) for .data
    main.o(i.main) refers to menu.o(.data) for JumpAddress
    menu.o(i.Main_Menu) refers to common.o(i.Serial_PutString) for Serial_PutString
    menu.o(i.Main_Menu) refers to flash_if.o(i.FLASH_If_GetWriteProtectionStatus) for FLASH_If_GetWriteProtectionStatus
    menu.o(i.Main_Menu) refers to common.o(i.GetKey) for GetKey
    menu.o(i.Main_Menu) refers to menu.o(i.SerialDownload) for SerialDownload
    menu.o(i.Main_Menu) refers to menu.o(i.SerialUpload) for SerialUpload
    menu.o(i.Main_Menu) refers to flash_if.o(i.FLASH_If_DisableWriteProtection) for FLASH_If_DisableWriteProtection
    menu.o(i.Main_Menu) refers to menu.o(.conststring) for .conststring
    menu.o(i.Main_Menu) refers to menu.o(.data) for .data
    menu.o(i.SerialDownload) refers to common.o(i.Serial_PutString) for Serial_PutString
    menu.o(i.SerialDownload) refers to ymodem.o(i.Ymodem_Receive) for Ymodem_Receive
    menu.o(i.SerialDownload) refers to common.o(i.Int2Str) for Int2Str
    menu.o(i.SerialDownload) refers to menu.o(.bss) for .bss
    menu.o(i.SerialDownload) refers to menu.o(.conststring) for .conststring
    menu.o(i.SerialUpload) refers to common.o(i.Serial_PutString) for Serial_PutString
    menu.o(i.SerialUpload) refers to common.o(i.GetKey) for GetKey
    menu.o(i.SerialUpload) refers to ymodem.o(i.Ymodem_Transmit) for Ymodem_Transmit
    ymodem.o(i.Cal_CRC16) refers to ymodem.o(i.UpdateCRC16) for UpdateCRC16
    ymodem.o(i.Receive_Byte) refers to common.o(i.SerialKeyPressed) for SerialKeyPressed
    ymodem.o(i.Receive_Packet) refers to ymodem.o(i.Receive_Byte) for Receive_Byte
    ymodem.o(i.Receive_Packet) refers to stm32f4xx_flash.o(i.FLASH_EraseSector) for FLASH_EraseSector
    ymodem.o(i.Receive_Packet) refers to stm32f4xx_flash.o(i.FLASH_ProgramWord) for FLASH_ProgramWord
[...]
    Removing stm32f4xx_adc.o(i.ADC_ClearFlag), (6 bytes).
    Removing stm32f4xx_adc.o(i.ADC_ClearITPendingBit), (8 bytes).
    Removing stm32f4xx_adc.o(i.ADC_Cmd), (20 bytes).
    Removing stm32f4xx_adc.o(i.ADC_CommonInit), (44 bytes).
    Removing stm32f4xx_adc.o(i.ADC_CommonStructInit), (12 bytes).
    Removing stm32f4xx_adc.o(i.ADC_ContinuousModeCmd), (20 bytes).
    Removing stm32f4xx_adc.o(i.ADC_DMACmd), (20 bytes).
    Removing stm32f4xx_adc.o(i.ADC_DMARequestAfterLastTransferCmd), (20 bytes).
    Removing stm32f4xx_adc.o(i.ADC_DeInit), (24 bytes).
    Removing stm32f4xx_adc.o(i.ADC_DiscModeChannelCountConfig), (16 bytes).
    Removing stm32f4xx_adc.o(i.ADC_DiscModeCmd), (20 bytes).
    Removing stm32f4xx_adc.o(i.ADC_EOCOnEachRegularChannelCmd), (20 bytes).
    Removing stm32f4xx_adc.o(i.ADC_ExternalTrigInjectedConvConfig), (12 bytes).
    Removing stm32f4xx_adc.o(i.ADC_ExternalTrigInjectedConvEdgeConfig), (12 bytes).
    Removing stm32f4xx_adc.o(i.ADC_GetConversionValue), (6 bytes).
    Removing stm32f4xx_adc.o(i.ADC_GetFlagStatus), (14 bytes).
    Removing stm32f4xx_adc.o(i.ADC_GetITStatus), (30 bytes).
    Removing stm32f4xx_adc.o(i.ADC_GetInjectedConversionValue), (14 bytes).
    Removing stm32f4xx_adc.o(i.ADC_GetMultiModeConversionValue), (12 bytes).
    Removing stm32f4xx_adc.o(i.ADC_GetSoftwareStartConvStatus), (14 bytes).
    Removing stm32f4xx_adc.o(i.ADC_GetSoftwareStartInjectedConvCmdStatus), (14 bytes).
    Removing stm32f4xx_adc.o(i.ADC_ITConfig), (18 bytes).
    Removing stm32f4xx_adc.o(i.ADC_Init), (76 bytes).
    Removing stm32f4xx_adc.o(i.ADC_InjectedChannelConfig), (74 bytes).
    Removing stm32f4xx_adc.o(i.ADC_InjectedDiscModeCmd), (20 bytes).
    Removing stm32f4xx_adc.o(i.ADC_InjectedSequencerLengthConfig), (16 bytes).
    Removing stm32f4xx_adc.o(i.ADC_MultiModeDMARequestAfterLastTransferCmd), (32 bytes).
    Removing stm32f4xx_adc.o(i.ADC_RegularChannelConfig), (116 bytes).
    Removing stm32f4xx_adc.o(i.ADC_SetInjectedOffset), (10 bytes).
    Removing stm32f4xx_adc.o(i.ADC_SoftwareStartConv), (10 bytes).
    Removing stm32f4xx_adc.o(i.ADC_SoftwareStartInjectedConv), (10 bytes).
    Removing stm32f4xx_adc.o(i.ADC_StructInit), (20 bytes).
    Removing stm32f4xx_adc.o(i.ADC_TempSensorVrefintCmd), (32 bytes).
    Removing stm32f4xx_adc.o(i.ADC_VBATCmd), (32 bytes).
    Removing stm32f4xx_can.o(.rev16_text), (4 bytes).
    Removing stm32f4xx_can.o(.revsh_text), (4 bytes).
    Removing stm32f4xx_can.o(i.CAN_CancelTransmit), (36 bytes).
    Removing stm32f4xx_can.o(i.CAN_ClearFlag), (48 bytes).
    Removing stm32f4xx_can.o(i.CAN_ClearITPendingBit), (120 bytes).
    Removing stm32f4xx_can.o(i.CAN_DBGFreeze), (20 bytes).
    Removing stm32f4xx_can.o(i.CAN_DeInit), (44 bytes).
    Removing stm32f4xx_can.o(i.CAN_FIFORelease), (22 bytes).
    Removing stm32f4xx_can.o(i.CAN_FilterInit), (204 bytes).
    Removing stm32f4xx_can.o(i.CAN_GetFlagStatus), (52 bytes).
    Removing stm32f4xx_can.o(i.CAN_GetITStatus), (168 bytes).
    Removing stm32f4xx_can.o(i.CAN_GetLSBTransmitErrorCounter), (8 bytes).
    Removing stm32f4xx_can.o(i.CAN_GetLastErrorCode), (10 bytes).
    Removing stm32f4xx_can.o(i.CAN_GetReceiveErrorCounter), (6 bytes).
    Removing stm32f4xx_can.o(i.CAN_ITConfig), (16 bytes).
    Removing stm32f4xx_can.o(i.CAN_Init), (232 bytes).
    Removing stm32f4xx_can.o(i.CAN_MessagePending), (22 bytes).
    Removing stm32f4xx_can.o(i.CAN_OperatingModeRequest), (140 bytes).
    Removing stm32f4xx_can.o(i.CAN_Receive), (144 bytes).
    Removing stm32f4xx_can.o(i.CAN_SlaveStartBank), (44 bytes).
    Removing stm32f4xx_can.o(i.CAN_Sleep), (30 bytes).
    Removing stm32f4xx_can.o(i.CAN_StructInit), (32 bytes).
    Removing stm32f4xx_can.o(i.CAN_TTComModeCmd), (90 bytes).
    Removing stm32f4xx_can.o(i.CAN_Transmit), (164 bytes).
    Removing stm32f4xx_can.o(i.CAN_TransmitStatus), (108 bytes).
    Removing stm32f4xx_can.o(i.CAN_WakeUp), (40 bytes).
    Removing stm32f4xx_can.o(i.CheckITStatus), (12 bytes).
    Removing stm32f4xx_crc.o(.rev16_text), (4 bytes).
    Removing stm32f4xx_crc.o(.revsh_text), (4 bytes).
    Removing stm32f4xx_crc.o(i.CRC_CalcBlockCRC), (28 bytes).
    Removing stm32f4xx_crc.o(i.CRC_CalcCRC), (12 bytes).
    Removing stm32f4xx_crc.o(i.CRC_GetCRC), (12 bytes).
    Removing stm32f4xx_crc.o(i.CRC_GetIDRegister), (12 bytes).
    Removing stm32f4xx_crc.o(i.CRC_ResetDR), (12 bytes).
    Removing stm32f4xx_crc.o(i.CRC_SetIDRegister), (12 bytes).
    Removing stm32f4xx_cryp.o(.rev16_text), (4 bytes).
    Removing stm32f4xx_cryp.o(.revsh_text), (4 bytes).
    Removing stm32f4xx_cryp.o(i.CRYP_Cmd), (28 bytes).
    Removing stm32f4xx_cryp.o(i.CRYP_DMACmd), (28 bytes).
    Removing stm32f4xx_cryp.o(i.CRYP_DataIn), (12 bytes).
    Removing stm32f4xx_cryp.o(i.CRYP_DataOut), (12 bytes).
    Removing stm32f4xx_cryp.o(i.CRYP_DeInit), (22 bytes).
    Removing stm32f4xx_cryp.o(i.CRYP_FIFOFlush), (16 bytes).
    Removing stm32f4xx_cryp.o(i.CRYP_GetFlagStatus), (28 bytes).
    Removing stm32f4xx_cryp.o(i.CRYP_GetITStatus), (20 bytes).
    Removing stm32f4xx_cryp.o(i.CRYP_ITConfig), (28 bytes).
    Removing stm32f4xx_cryp.o(i.CRYP_IVInit), (24 bytes).
    Removing stm32f4xx_cryp.o(i.CRYP_IVStructInit), (12 bytes).
    Removing stm32f4xx_cryp.o(i.CRYP_Init), (92 bytes).
    Removing stm32f4xx_cryp.o(i.CRYP_KeyInit), (40 bytes).
    Removing stm32f4xx_cryp.o(i.CRYP_KeyStructInit), (20 bytes).
    Removing stm32f4xx_cryp.o(i.CRYP_RestoreContext), (68 bytes).
    Removing stm32f4xx_cryp.o(i.CRYP_SaveContext), (144 bytes).
    Removing stm32f4xx_cryp.o(i.CRYP_StructInit), (12 bytes).
    Removing stm32f4xx_cryp_aes.o(.rev16_text), (4 bytes).
    Removing stm32f4xx_cryp_aes.o(.revsh_text), (4 bytes).
    Removing stm32f4xx_cryp_aes.o(i.CRYP_AES_CBC), (446 bytes).
    Removing stm32f4xx_cryp_aes.o(i.CRYP_AES_CTR), (390 bytes).
    Removing stm32f4xx_cryp_aes.o(i.CRYP_AES_ECB), (412 bytes).
    Removing stm32f4xx_cryp_des.o(.rev16_text), (4 bytes).
    Removing stm32f4xx_cryp_des.o(.revsh_text), (4 bytes).
    Removing stm32f4xx_cryp_des.o(i.CRYP_DES_CBC), (224 bytes).
    Removing stm32f4xx_cryp_des.o(i.CRYP_DES_ECB), (202 bytes).
    Removing stm32f4xx_cryp_tdes.o(.rev16_text), (4 bytes).
    Removing stm32f4xx_cryp_tdes.o(.revsh_text), (4 bytes).
    Removing stm32f4xx_cryp_tdes.o(i.CRYP_TDES_CBC), (248 bytes).
    Removing stm32f4xx_cryp_tdes.o(i.CRYP_TDES_ECB), (224 bytes).
    Removing stm32f4xx_dac.o(.rev16_text), (4 bytes).
    Removing stm32f4xx_dac.o(.revsh_text), (4 bytes).
    Removing stm32f4xx_dac.o(i.DAC_ClearFlag), (12 bytes).
    Removing stm32f4xx_dac.o(i.DAC_ClearITPendingBit), (12 bytes).
    Removing stm32f4xx_dac.o(i.DAC_Cmd), (24 bytes).
    Removing stm32f4xx_dac.o(i.DAC_DMACmd), (24 bytes).
    Removing stm32f4xx_dac.o(i.DAC_DeInit), (24 bytes).
    Removing stm32f4xx_dac.o(i.DAC_DualSoftwareTriggerCmd), (28 bytes).
    Removing stm32f4xx_dac.o(i.DAC_GetDataOutputValue), (24 bytes).
    Removing stm32f4xx_dac.o(i.DAC_GetFlagStatus), (24 bytes).
    Removing stm32f4xx_dac.o(i.DAC_GetITStatus), (36 bytes).
    Removing stm32f4xx_dac.o(i.DAC_ITConfig), (24 bytes).
    Removing stm32f4xx_dac.o(i.DAC_Init), (40 bytes).
    Removing stm32f4xx_dac.o(i.DAC_SetChannel1Data), (20 bytes).
    Removing stm32f4xx_dac.o(i.DAC_SetChannel2Data), (20 bytes).
    Removing stm32f4xx_dac.o(i.DAC_SetDualChannelData), (28 bytes).
    Removing stm32f4xx_dac.o(i.DAC_SoftwareTriggerCmd), (28 bytes).
    Removing stm32f4xx_dac.o(i.DAC_StructInit), (12 bytes).
    Removing stm32f4xx_dac.o(i.DAC_WaveGenerationCmd), (24 bytes).
    Removing stm32f4xx_dbgmcu.o(.rev16_text), (4 bytes).
    Removing stm32f4xx_dbgmcu.o(.revsh_text), (4 bytes).
    Removing stm32f4xx_dbgmcu.o(i.DBGMCU_APB1PeriphConfig), (24 bytes).
    Removing stm32f4xx_dbgmcu.o(i.DBGMCU_APB2PeriphConfig), (24 bytes).
    Removing stm32f4xx_dbgmcu.o(i.DBGMCU_Config), (24 bytes).
    Removing stm32f4xx_dbgmcu.o(i.DBGMCU_GetDEVID), (16 bytes).
    Removing stm32f4xx_dbgmcu.o(i.DBGMCU_GetREVID), (12 bytes).
    Removing stm32f4xx_dcmi.o(.rev16_text), (4 bytes).
    Removing stm32f4xx_dcmi.o(.revsh_text), (4 bytes).
    Removing stm32f4xx_dcmi.o(i.DCMI_CROPCmd), (28 bytes).
    Removing stm32f4xx_dcmi.o(i.DCMI_CROPConfig), (24 bytes).
    Removing stm32f4xx_dcmi.o(i.DCMI_CaptureCmd), (28 bytes).
    Removing stm32f4xx_dcmi.o(i.DCMI_ClearFlag), (12 bytes).
    Removing stm32f4xx_dcmi.o(i.DCMI_ClearITPendingBit), (12 bytes).
    Removing stm32f4xx_dcmi.o(i.DCMI_Cmd), (28 bytes).
    Removing stm32f4xx_dcmi.o(i.DCMI_DeInit), (28 bytes).
    Removing stm32f4xx_dcmi.o(i.DCMI_GetFlagStatus), (40 bytes).
    Removing stm32f4xx_dcmi.o(i.DCMI_GetITStatus), (20 bytes).
    Removing stm32f4xx_dcmi.o(i.DCMI_ITConfig), (28 bytes).
    Removing stm32f4xx_dcmi.o(i.DCMI_Init), (60 bytes).
    Removing stm32f4xx_dcmi.o(i.DCMI_JPEGCmd), (28 bytes).
    Removing stm32f4xx_dcmi.o(i.DCMI_ReadData), (12 bytes).
    Removing stm32f4xx_dcmi.o(i.DCMI_SetEmbeddedSynchroCodes), (20 bytes).
    Removing stm32f4xx_dcmi.o(i.DCMI_StructInit), (18 bytes).
    Removing stm32f4xx_dma.o(.rev16_text), (4 bytes).
    Removing stm32f4xx_dma.o(.revsh_text), (4 bytes).
    Removing stm32f4xx_dma.o(i.DMA_ClearFlag), (44 bytes).
    Removing stm32f4xx_dma.o(i.DMA_ClearITPendingBit), (44 bytes).
    Removing stm32f4xx_dma.o(i.DMA_Cmd), (20 bytes).
    Removing stm32f4xx_dma.o(i.DMA_DeInit), (292 bytes).
    Removing stm32f4xx_dma.o(i.DMA_DoubleBufferModeCmd), (20 bytes).
    Removing stm32f4xx_dma.o(i.DMA_DoubleBufferModeConfig), (22 bytes).
    Removing stm32f4xx_dma.o(i.DMA_FlowControllerConfig), (20 bytes).
    Removing stm32f4xx_dma.o(i.DMA_GetCmdStatus), (14 bytes).
    Removing stm32f4xx_dma.o(i.DMA_GetCurrDataCounter), (6 bytes).
    Removing stm32f4xx_dma.o(i.DMA_GetCurrentMemoryTarget), (14 bytes).
    Removing stm32f4xx_dma.o(i.DMA_GetFIFOStatus), (8 bytes).
    Removing stm32f4xx_dma.o(i.DMA_GetFlagStatus), (52 bytes).
    Removing stm32f4xx_dma.o(i.DMA_GetITStatus), (84 bytes).
    Removing stm32f4xx_dma.o(i.DMA_ITConfig), (44 bytes).
    Removing stm32f4xx_dma.o(i.DMA_Init), (84 bytes).
    Removing stm32f4xx_dma.o(i.DMA_MemoryTargetConfig), (10 bytes).
    Removing stm32f4xx_dma.o(i.DMA_PeriphIncOffsetSizeConfig), (20 bytes).
    Removing stm32f4xx_dma.o(i.DMA_SetCurrDataCounter), (4 bytes).
    Removing stm32f4xx_dma.o(i.DMA_StructInit), (34 bytes).
    Removing stm32f4xx_exti.o(.rev16_text), (4 bytes).
    Removing stm32f4xx_exti.o(.revsh_text), (4 bytes).
    Removing stm32f4xx_exti.o(i.EXTI_ClearFlag), (12 bytes).
    Removing stm32f4xx_exti.o(i.EXTI_ClearITPendingBit), (12 bytes).
    Removing stm32f4xx_exti.o(i.EXTI_DeInit), (36 bytes).
    Removing stm32f4xx_exti.o(i.EXTI_GenerateSWInterrupt), (16 bytes).
    Removing stm32f4xx_exti.o(i.EXTI_GetFlagStatus), (20 bytes).
    Removing stm32f4xx_exti.o(i.EXTI_GetITStatus), (32 bytes).
    Removing stm32f4xx_exti.o(i.EXTI_Init), (112 bytes).
    Removing stm32f4xx_exti.o(i.EXTI_StructInit), (14 bytes).
    Removing stm32f4xx_flash.o(.rev16_text), (4 bytes).
    Removing stm32f4xx_flash.o(.revsh_text), (4 bytes).
    Removing stm32f4xx_flash.o(i.FLASH_DataCacheCmd), (28 bytes).
    Removing stm32f4xx_flash.o(i.FLASH_DataCacheReset), (16 bytes).
    Removing stm32f4xx_flash.o(i.FLASH_EraseAllSectors), (92 bytes).
    Removing stm32f4xx_flash.o(i.FLASH_GetFlagStatus), (20 bytes).
    Removing stm32f4xx_flash.o(i.FLASH_ITConfig), (24 bytes).
    Removing stm32f4xx_flash.o(i.FLASH_InstructionCacheCmd), (28 bytes).
    Removing stm32f4xx_flash.o(i.FLASH_InstructionCacheReset), (16 bytes).
    Removing stm32f4xx_flash.o(i.FLASH_Lock), (16 bytes).
    Removing stm32f4xx_flash.o(i.FLASH_OB_BORConfig), (24 bytes).
    Removing stm32f4xx_flash.o(i.FLASH_OB_GetBOR), (16 bytes).
    Removing stm32f4xx_flash.o(i.FLASH_OB_GetRDP), (20 bytes).
    Removing stm32f4xx_flash.o(i.FLASH_OB_GetUser), (16 bytes).
    Removing stm32f4xx_flash.o(i.FLASH_OB_Lock), (16 bytes).
    Removing stm32f4xx_flash.o(i.FLASH_OB_RDPConfig), (24 bytes).
    Removing stm32f4xx_flash.o(i.FLASH_OB_UserConfig), (40 bytes).
    Removing stm32f4xx_flash.o(i.FLASH_PrefetchBufferCmd), (28 bytes).
    Removing stm32f4xx_flash.o(i.FLASH_ProgramByte), (56 bytes).
    Removing stm32f4xx_flash.o(i.FLASH_ProgramDoubleWord), (64 bytes).
    Removing stm32f4xx_flash.o(i.FLASH_ProgramHalfWord), (60 bytes).
    Removing stm32f4xx_flash.o(i.FLASH_SetLatency), (12 bytes).
    Removing stm32f4xx_fsmc.o(.rev16_text), (4 bytes).
    Removing stm32f4xx_fsmc.o(.revsh_text), (4 bytes).
    Removing stm32f4xx_fsmc.o(i.FSMC_ClearFlag), (38 bytes).
    Removing stm32f4xx_fsmc.o(i.FSMC_ClearITPendingBit), (44 bytes).
    Removing stm32f4xx_fsmc.o(i.FSMC_GetECC), (18 bytes).
    Removing stm32f4xx_fsmc.o(i.FSMC_GetFlagStatus), (40 bytes).
    Removing stm32f4xx_fsmc.o(i.FSMC_GetITStatus), (48 bytes).
    Removing stm32f4xx_fsmc.o(i.FSMC_ITConfig), (72 bytes).
    Removing stm32f4xx_fsmc.o(i.FSMC_NANDCmd), (56 bytes).
    Removing stm32f4xx_fsmc.o(i.FSMC_NANDDeInit), (40 bytes).
    Removing stm32f4xx_fsmc.o(i.FSMC_NANDECCCmd), (56 bytes).
    Removing stm32f4xx_fsmc.o(i.FSMC_NANDInit), (104 bytes).
    Removing stm32f4xx_fsmc.o(i.FSMC_NANDStructInit), (54 bytes).
    Removing stm32f4xx_fsmc.o(i.FSMC_NORSRAMCmd), (32 bytes).
    Removing stm32f4xx_fsmc.o(i.FSMC_NORSRAMDeInit), (40 bytes).
    Removing stm32f4xx_fsmc.o(i.FSMC_NORSRAMInit), (200 bytes).
    Removing stm32f4xx_fsmc.o(i.FSMC_NORSRAMStructInit), (98 bytes).
    Removing stm32f4xx_fsmc.o(i.FSMC_PCCARDCmd), (32 bytes).
    Removing stm32f4xx_fsmc.o(i.FSMC_PCCARDDeInit), (26 bytes).
    Removing stm32f4xx_fsmc.o(i.FSMC_PCCARDInit), (102 bytes).
    Removing stm32f4xx_fsmc.o(i.FSMC_PCCARDStructInit), (60 bytes).
    Removing stm32f4xx_gpio.o(.rev16_text), (4 bytes).
    Removing stm32f4xx_gpio.o(.revsh_text), (4 bytes).
    Removing stm32f4xx_gpio.o(i.GPIO_DeInit), (228 bytes).
    Removing stm32f4xx_gpio.o(i.GPIO_PinLockConfig), (24 bytes).
    Removing stm32f4xx_gpio.o(i.GPIO_ReadInputData), (6 bytes).
    Removing stm32f4xx_gpio.o(i.GPIO_ReadInputDataBit), (14 bytes).
    Removing stm32f4xx_gpio.o(i.GPIO_ReadOutputData), (6 bytes).
    Removing stm32f4xx_gpio.o(i.GPIO_ReadOutputDataBit), (14 bytes).
    Removing stm32f4xx_gpio.o(i.GPIO_StructInit), (18 bytes).
    Removing stm32f4xx_gpio.o(i.GPIO_ToggleBits), (8 bytes).
    Removing stm32f4xx_gpio.o(i.GPIO_Write), (4 bytes).
    Removing stm32f4xx_gpio.o(i.GPIO_WriteBit), (10 bytes).
    Removing stm32f4xx_hash.o(.rev16_text), (4 bytes).
    Removing stm32f4xx_hash.o(.revsh_text), (4 bytes).
    Removing stm32f4xx_hash.o(i.HASH_ClearFlag), (12 bytes).
    Removing stm32f4xx_hash.o(i.HASH_ClearITPendingBit), (16 bytes).
    Removing stm32f4xx_hash.o(i.HASH_DMACmd), (28 bytes).
    Removing stm32f4xx_hash.o(i.HASH_DataIn), (12 bytes).
    Removing stm32f4xx_hash.o(i.HASH_DeInit), (22 bytes).
    Removing stm32f4xx_hash.o(i.HASH_GetDigest), (44 bytes).
    Removing stm32f4xx_hash.o(i.HASH_GetFlagStatus), (32 bytes).
    Removing stm32f4xx_hash.o(i.HASH_GetITStatus), (28 bytes).
    Removing stm32f4xx_hash.o(i.HASH_GetInFIFOWordsNbr), (16 bytes).
    Removing stm32f4xx_hash.o(i.HASH_ITConfig), (28 bytes).
    Removing stm32f4xx_hash.o(i.HASH_Init), (64 bytes).
    Removing stm32f4xx_hash.o(i.HASH_Reset), (16 bytes).
    Removing stm32f4xx_hash.o(i.HASH_RestoreContext), (68 bytes).
    Removing stm32f4xx_hash.o(i.HASH_SaveContext), (60 bytes).
    Removing stm32f4xx_hash.o(i.HASH_SetLastWordValidBitsNbr), (24 bytes).
    Removing stm32f4xx_hash.o(i.HASH_StartDigest), (16 bytes).
    Removing stm32f4xx_hash.o(i.HASH_StructInit), (12 bytes).
    Removing stm32f4xx_hash_md5.o(.rev16_text), (4 bytes).
    Removing stm32f4xx_hash_md5.o(.revsh_text), (4 bytes).
    Removing stm32f4xx_hash_md5.o(i.HASH_MD5), (158 bytes).
    Removing stm32f4xx_hash_md5.o(i.HMAC_MD5), (320 bytes).
    Removing stm32f4xx_hash_sha1.o(.rev16_text), (4 bytes).
    Removing stm32f4xx_hash_sha1.o(.revsh_text), (4 bytes).
    Removing stm32f4xx_hash_sha1.o(i.HASH_SHA1), (164 bytes).
    Removing stm32f4xx_hash_sha1.o(i.HMAC_SHA1), (324 bytes).
    Removing stm32f4xx_i2c.o(.rev16_text), (4 bytes).
    Removing stm32f4xx_i2c.o(.revsh_text), (4 bytes).
    Removing stm32f4xx_i2c.o(i.I2C_ARPCmd), (20 bytes).
    Removing stm32f4xx_i2c.o(i.I2C_AcknowledgeConfig), (20 bytes).
    Removing stm32f4xx_i2c.o(i.I2C_CalculatePEC), (20 bytes).
    Removing stm32f4xx_i2c.o(i.I2C_CheckEvent), (24 bytes).
    Removing stm32f4xx_i2c.o(i.I2C_ClearFlag), (6 bytes).
    Removing stm32f4xx_i2c.o(i.I2C_ClearITPendingBit), (6 bytes).
    Removing stm32f4xx_i2c.o(i.I2C_Cmd), (20 bytes).
    Removing stm32f4xx_i2c.o(i.I2C_DMACmd), (20 bytes).
    Removing stm32f4xx_i2c.o(i.I2C_DMALastTransferCmd), (20 bytes).
    Removing stm32f4xx_i2c.o(i.I2C_DeInit), (68 bytes).
    Removing stm32f4xx_i2c.o(i.I2C_DualAddressCmd), (20 bytes).
    Removing stm32f4xx_i2c.o(i.I2C_FastModeDutyCycleConfig), (22 bytes).
    Removing stm32f4xx_i2c.o(i.I2C_GeneralCallCmd), (20 bytes).
    Removing stm32f4xx_i2c.o(i.I2C_GenerateSTART), (20 bytes).
    Removing stm32f4xx_i2c.o(i.I2C_GenerateSTOP), (20 bytes).
    Removing stm32f4xx_i2c.o(i.I2C_GetFlagStatus), (42 bytes).
    Removing stm32f4xx_i2c.o(i.I2C_GetITStatus), (36 bytes).
    Removing stm32f4xx_i2c.o(i.I2C_GetLastEvent), (14 bytes).
    Removing stm32f4xx_i2c.o(i.I2C_GetPEC), (6 bytes).
    Removing stm32f4xx_i2c.o(i.I2C_ITConfig), (16 bytes).
    Removing stm32f4xx_i2c.o(i.I2C_Init), (184 bytes).
    Removing stm32f4xx_i2c.o(i.I2C_NACKPositionConfig), (22 bytes).
    Removing stm32f4xx_i2c.o(i.I2C_OwnAddress2Config), (16 bytes).
    Removing stm32f4xx_i2c.o(i.I2C_PECPositionConfig), (22 bytes).
    Removing stm32f4xx_i2c.o(i.I2C_ReadRegister), (10 bytes).
    Removing stm32f4xx_i2c.o(i.I2C_ReceiveData), (6 bytes).
    Removing stm32f4xx_i2c.o(i.I2C_SMBusAlertConfig), (22 bytes).
    Removing stm32f4xx_i2c.o(i.I2C_Send7bitAddress), (16 bytes).
    Removing stm32f4xx_i2c.o(i.I2C_SendData), (4 bytes).
    Removing stm32f4xx_i2c.o(i.I2C_SoftwareResetCmd), (20 bytes).
    Removing stm32f4xx_i2c.o(i.I2C_StretchClockCmd), (20 bytes).
    Removing stm32f4xx_i2c.o(i.I2C_StructInit), (28 bytes).
    Removing stm32f4xx_i2c.o(i.I2C_TransmitPEC), (20 bytes).
    Removing stm32f4xx_iwdg.o(.rev16_text), (4 bytes).
    Removing stm32f4xx_iwdg.o(.revsh_text), (4 bytes).
    Removing stm32f4xx_iwdg.o(i.IWDG_Enable), (16 bytes).
    Removing stm32f4xx_iwdg.o(i.IWDG_GetFlagStatus), (20 bytes).
    Removing stm32f4xx_iwdg.o(i.IWDG_ReloadCounter), (16 bytes).
    Removing stm32f4xx_iwdg.o(i.IWDG_SetPrescaler), (12 bytes).
    Removing stm32f4xx_iwdg.o(i.IWDG_SetReload), (12 bytes).
    Removing stm32f4xx_iwdg.o(i.IWDG_WriteAccessCmd), (12 bytes).
    Removing stm32f4xx_pwr.o(.rev16_text), (4 bytes).
    Removing stm32f4xx_pwr.o(.revsh_text), (4 bytes).
    Removing stm32f4xx_pwr.o(i.PWR_BackupAccessCmd), (12 bytes).
    Removing stm32f4xx_pwr.o(i.PWR_BackupRegulatorCmd), (12 bytes).
    Removing stm32f4xx_pwr.o(i.PWR_ClearFlag), (16 bytes).
    Removing stm32f4xx_pwr.o(i.PWR_DeInit), (24 bytes).
    Removing stm32f4xx_pwr.o(i.PWR_EnterSTANDBYMode), (40 bytes).
    Removing stm32f4xx_pwr.o(i.PWR_EnterSTOPMode), (52 bytes).
    Removing stm32f4xx_pwr.o(i.PWR_FlashPowerDownCmd), (12 bytes).
    Removing stm32f4xx_pwr.o(i.PWR_GetFlagStatus), (20 bytes).
    Removing stm32f4xx_pwr.o(i.PWR_MainRegulatorModeConfig), (28 bytes).
    Removing stm32f4xx_pwr.o(i.PWR_PVDCmd), (12 bytes).
    Removing stm32f4xx_pwr.o(i.PWR_PVDLevelConfig), (20 bytes).
    Removing stm32f4xx_pwr.o(i.PWR_WakeUpPinCmd), (12 bytes).
    Removing stm32f4xx_rcc.o(.rev16_text), (4 bytes).
    Removing stm32f4xx_rcc.o(.revsh_text), (4 bytes).
    Removing stm32f4xx_rcc.o(i.RCC_AHB1PeriphClockLPModeCmd), (24 bytes).
    Removing stm32f4xx_rcc.o(i.RCC_AHB1PeriphResetCmd), (24 bytes).
    Removing stm32f4xx_rcc.o(i.RCC_AHB2PeriphClockCmd), (24 bytes).
    Removing stm32f4xx_rcc.o(i.RCC_AHB2PeriphClockLPModeCmd), (24 bytes).
    Removing stm32f4xx_rcc.o(i.RCC_AHB2PeriphResetCmd), (24 bytes).
    Removing stm32f4xx_rcc.o(i.RCC_AHB3PeriphClockCmd), (24 bytes).
    Removing stm32f4xx_rcc.o(i.RCC_AHB3PeriphClockLPModeCmd), (24 bytes).
    Removing stm32f4xx_rcc.o(i.RCC_AHB3PeriphResetCmd), (24 bytes).
    Removing stm32f4xx_rcc.o(i.RCC_APB1PeriphClockLPModeCmd), (24 bytes).
    Removing stm32f4xx_rcc.o(i.RCC_APB1PeriphResetCmd), (24 bytes).
    Removing stm32f4xx_rcc.o(i.RCC_APB2PeriphClockCmd), (24 bytes).
    Removing stm32f4xx_rcc.o(i.RCC_APB2PeriphClockLPModeCmd), (24 bytes).
    Removing stm32f4xx_rcc.o(i.RCC_APB2PeriphResetCmd), (24 bytes).
    Removing stm32f4xx_rcc.o(i.RCC_AdjustHSICalibrationValue), (20 bytes).
    Removing stm32f4xx_rcc.o(i.RCC_BackupResetCmd), (12 bytes).
    Removing stm32f4xx_rcc.o(i.RCC_ClearFlag), (16 bytes).
    Removing stm32f4xx_rcc.o(i.RCC_ClearITPendingBit), (12 bytes).
    Removing stm32f4xx_rcc.o(i.RCC_ClockSecuritySystemCmd), (12 bytes).
    Removing stm32f4xx_rcc.o(i.RCC_DeInit), (60 bytes).
    Removing stm32f4xx_rcc.o(i.RCC_GetFlagStatus), (52 bytes).
    Removing stm32f4xx_rcc.o(i.RCC_GetITStatus), (20 bytes).
    Removing stm32f4xx_rcc.o(i.RCC_GetSYSCLKSource), (16 bytes).
    Removing stm32f4xx_rcc.o(i.RCC_HCLKConfig), (20 bytes).
    Removing stm32f4xx_rcc.o(i.RCC_HSEConfig), (16 bytes).
    Removing stm32f4xx_rcc.o(i.RCC_HSICmd), (12 bytes).
    Removing stm32f4xx_rcc.o(i.RCC_I2SCLKConfig), (12 bytes).
    Removing stm32f4xx_rcc.o(i.RCC_ITConfig), (24 bytes).
    Removing stm32f4xx_rcc.o(i.RCC_LSEConfig), (28 bytes).
    Removing stm32f4xx_rcc.o(i.RCC_LSICmd), (12 bytes).
    Removing stm32f4xx_rcc.o(i.RCC_MCO1Config), (20 bytes).
    Removing stm32f4xx_rcc.o(i.RCC_MCO2Config), (20 bytes).
    Removing stm32f4xx_rcc.o(i.RCC_PCLK1Config), (20 bytes).
    Removing stm32f4xx_rcc.o(i.RCC_PCLK2Config), (20 bytes).
    Removing stm32f4xx_rcc.o(i.RCC_PLLCmd), (12 bytes).
    Removing stm32f4xx_rcc.o(i.RCC_PLLConfig), (40 bytes).
    Removing stm32f4xx_rcc.o(i.RCC_PLLI2SCmd), (12 bytes).
    Removing stm32f4xx_rcc.o(i.RCC_PLLI2SConfig), (16 bytes).
    Removing stm32f4xx_rcc.o(i.RCC_RTCCLKCmd), (12 bytes).
    Removing stm32f4xx_rcc.o(i.RCC_RTCCLKConfig), (48 bytes).
    Removing stm32f4xx_rcc.o(i.RCC_SYSCLKConfig), (20 bytes).
    Removing stm32f4xx_rcc.o(i.RCC_WaitForHSEStartUp), (44 bytes).
    Removing stm32f4xx_rng.o(.rev16_text), (4 bytes).
    Removing stm32f4xx_rng.o(.revsh_text), (4 bytes).
    Removing stm32f4xx_rng.o(i.RNG_ClearFlag), (16 bytes).
    Removing stm32f4xx_rng.o(i.RNG_ClearITPendingBit), (16 bytes).
    Removing stm32f4xx_rng.o(i.RNG_Cmd), (28 bytes).
    Removing stm32f4xx_rng.o(i.RNG_DeInit), (22 bytes).
    Removing stm32f4xx_rng.o(i.RNG_GetFlagStatus), (20 bytes).
    Removing stm32f4xx_rng.o(i.RNG_GetITStatus), (20 bytes).
    Removing stm32f4xx_rng.o(i.RNG_GetRandomNumber), (12 bytes).
    Removing stm32f4xx_rng.o(i.RNG_ITConfig), (28 bytes).
    Removing stm32f4xx_rtc.o(.rev16_text), (4 bytes).
    Removing stm32f4xx_rtc.o(.revsh_text), (4 bytes).
    Removing stm32f4xx_rtc.o(i.RTC_AlarmCmd), (84 bytes).
    Removing stm32f4xx_rtc.o(i.RTC_AlarmStructInit), (20 bytes).
    Removing stm32f4xx_rtc.o(i.RTC_AlarmSubSecondConfig), (44 bytes).
    Removing stm32f4xx_rtc.o(i.RTC_Bcd2ToByte), (18 bytes).
    Removing stm32f4xx_rtc.o(i.RTC_BypassShadowCmd), (44 bytes).
    Removing stm32f4xx_rtc.o(i.RTC_ByteToBcd2), (24 bytes).
    Removing stm32f4xx_rtc.o(i.RTC_CalibOutputCmd), (44 bytes).
    Removing stm32f4xx_rtc.o(i.RTC_CalibOutputConfig), (40 bytes).
    Removing stm32f4xx_rtc.o(i.RTC_ClearFlag), (28 bytes).
    Removing stm32f4xx_rtc.o(i.RTC_ClearITPendingBit), (28 bytes).
    Removing stm32f4xx_rtc.o(i.RTC_CoarseCalibCmd), (60 bytes).
    Removing stm32f4xx_rtc.o(i.RTC_CoarseCalibConfig), (52 bytes).
    Removing stm32f4xx_rtc.o(i.RTC_DateStructInit), (14 bytes).
    Removing stm32f4xx_rtc.o(i.RTC_DayLightSavingConfig), (44 bytes).
    Removing stm32f4xx_rtc.o(i.RTC_DeInit), (152 bytes).
    Removing stm32f4xx_rtc.o(i.RTC_EnterInitMode), (60 bytes).
    Removing stm32f4xx_rtc.o(i.RTC_ExitInitMode), (16 bytes).
    Removing stm32f4xx_rtc.o(i.RTC_GetAlarm), (108 bytes).
    Removing stm32f4xx_rtc.o(i.RTC_GetAlarmSubSecond), (28 bytes).
    Removing stm32f4xx_rtc.o(i.RTC_GetDate), (72 bytes).
    Removing stm32f4xx_rtc.o(i.RTC_GetFlagStatus), (28 bytes).
    Removing stm32f4xx_rtc.o(i.RTC_GetITStatus), (56 bytes).
    Removing stm32f4xx_rtc.o(i.RTC_GetStoreOperation), (16 bytes).
    Removing stm32f4xx_rtc.o(i.RTC_GetSubSecond), (16 bytes).
    Removing stm32f4xx_rtc.o(i.RTC_GetTime), (76 bytes).
    Removing stm32f4xx_rtc.o(i.RTC_GetTimeStamp), (136 bytes).
    Removing stm32f4xx_rtc.o(i.RTC_GetTimeStampSubSecond), (12 bytes).
    Removing stm32f4xx_rtc.o(i.RTC_GetWakeUpCounter), (12 bytes).
    Removing stm32f4xx_rtc.o(i.RTC_ITConfig), (64 bytes).
    Removing stm32f4xx_rtc.o(i.RTC_Init), (80 bytes).
    Removing stm32f4xx_rtc.o(i.RTC_OutputConfig), (44 bytes).
    Removing stm32f4xx_rtc.o(i.RTC_OutputTypeConfig), (24 bytes).
    Removing stm32f4xx_rtc.o(i.RTC_ReadBackupRegister), (20 bytes).
    Removing stm32f4xx_rtc.o(i.RTC_RefClockCmd), (60 bytes).
    Removing stm32f4xx_rtc.o(i.RTC_SetAlarm), (164 bytes).
    Removing stm32f4xx_rtc.o(i.RTC_SetDate), (144 bytes).
    Removing stm32f4xx_rtc.o(i.RTC_SetTime), (152 bytes).
    Removing stm32f4xx_rtc.o(i.RTC_SetWakeUpCounter), (28 bytes).
    Removing stm32f4xx_rtc.o(i.RTC_SmoothCalibConfig), (76 bytes).
    Removing stm32f4xx_rtc.o(i.RTC_StructInit), (14 bytes).
    Removing stm32f4xx_rtc.o(i.RTC_SynchroShiftConfig), (88 bytes).
    Removing stm32f4xx_rtc.o(i.RTC_TamperCmd), (24 bytes).
    Removing stm32f4xx_rtc.o(i.RTC_TamperFilterConfig), (24 bytes).
    Removing stm32f4xx_rtc.o(i.RTC_TamperPinSelection), (24 bytes).
    Removing stm32f4xx_rtc.o(i.RTC_TamperPinsPrechargeDuration), (24 bytes).
    Removing stm32f4xx_rtc.o(i.RTC_TamperPullUpCmd), (28 bytes).
    Removing stm32f4xx_rtc.o(i.RTC_TamperSamplingFreqConfig), (24 bytes).
    Removing stm32f4xx_rtc.o(i.RTC_TamperTriggerConfig), (28 bytes).
    Removing stm32f4xx_rtc.o(i.RTC_TimeStampCmd), (48 bytes).
    Removing stm32f4xx_rtc.o(i.RTC_TimeStampOnTamperDetectionCmd), (28 bytes).
    Removing stm32f4xx_rtc.o(i.RTC_TimeStampPinSelection), (24 bytes).
    Removing stm32f4xx_rtc.o(i.RTC_TimeStructInit), (12 bytes).
    Removing stm32f4xx_rtc.o(i.RTC_WaitForSynchro), (76 bytes).
    Removing stm32f4xx_rtc.o(i.RTC_WakeUpClockConfig), (40 bytes).
    Removing stm32f4xx_rtc.o(i.RTC_WakeUpCmd), (88 bytes).
    Removing stm32f4xx_rtc.o(i.RTC_WriteBackupRegister), (20 bytes).
    Removing stm32f4xx_rtc.o(i.RTC_WriteProtectionCmd), (24 bytes).
    Removing stm32f4xx_sdio.o(.rev16_text), (4 bytes).
    Removing stm32f4xx_sdio.o(.revsh_text), (4 bytes).
    Removing stm32f4xx_sdio.o(i.SDIO_CEATAITCmd), (16 bytes).
    Removing stm32f4xx_sdio.o(i.SDIO_ClearFlag), (12 bytes).
    Removing stm32f4xx_sdio.o(i.SDIO_ClearITPendingBit), (12 bytes).
    Removing stm32f4xx_sdio.o(i.SDIO_ClockCmd), (12 bytes).
    Removing stm32f4xx_sdio.o(i.SDIO_CmdStructInit), (14 bytes).
    Removing stm32f4xx_sdio.o(i.SDIO_CommandCompletionCmd), (12 bytes).
    Removing stm32f4xx_sdio.o(i.SDIO_DMACmd), (12 bytes).
    Removing stm32f4xx_sdio.o(i.SDIO_DataConfig), (48 bytes).
    Removing stm32f4xx_sdio.o(i.SDIO_DataStructInit), (20 bytes).
    Removing stm32f4xx_sdio.o(i.SDIO_DeInit), (24 bytes).
    Removing stm32f4xx_sdio.o(i.SDIO_GetCommandResponse), (12 bytes).
    Removing stm32f4xx_sdio.o(i.SDIO_GetDataCounter), (12 bytes).
    Removing stm32f4xx_sdio.o(i.SDIO_GetFIFOCount), (12 bytes).
    Removing stm32f4xx_sdio.o(i.SDIO_GetFlagStatus), (20 bytes).
    Removing stm32f4xx_sdio.o(i.SDIO_GetITStatus), (20 bytes).
    Removing stm32f4xx_sdio.o(i.SDIO_GetPowerState), (16 bytes).
    Removing stm32f4xx_sdio.o(i.SDIO_GetResponse), (16 bytes).
    Removing stm32f4xx_sdio.o(i.SDIO_ITConfig), (24 bytes).
    Removing stm32f4xx_sdio.o(i.SDIO_Init), (44 bytes).
    Removing stm32f4xx_sdio.o(i.SDIO_ReadData), (12 bytes).
    Removing stm32f4xx_sdio.o(i.SDIO_SendCEATACmd), (12 bytes).
    Removing stm32f4xx_sdio.o(i.SDIO_SendCommand), (40 bytes).
    Removing stm32f4xx_sdio.o(i.SDIO_SendSDIOSuspendCmd), (12 bytes).
    Removing stm32f4xx_sdio.o(i.SDIO_SetPowerState), (12 bytes).
    Removing stm32f4xx_sdio.o(i.SDIO_SetSDIOOperation), (12 bytes).
    Removing stm32f4xx_sdio.o(i.SDIO_SetSDIOReadWaitMode), (12 bytes).
    Removing stm32f4xx_sdio.o(i.SDIO_StartSDIOReadWait), (12 bytes).
    Removing stm32f4xx_sdio.o(i.SDIO_StopSDIOReadWait), (12 bytes).
    Removing stm32f4xx_sdio.o(i.SDIO_StructInit), (16 bytes).
    Removing stm32f4xx_sdio.o(i.SDIO_WriteData), (12 bytes).
    Removing stm32f4xx_spi.o(.rev16_text), (4 bytes).
    Removing stm32f4xx_spi.o(.revsh_text), (4 bytes).
    Removing stm32f4xx_spi.o(i.I2S_Cmd), (20 bytes).
    Removing stm32f4xx_spi.o(i.I2S_FullDuplexConfig), (58 bytes).
    Removing stm32f4xx_spi.o(i.I2S_Init), (200 bytes).
    Removing stm32f4xx_spi.o(i.I2S_StructInit), (18 bytes).
    Removing stm32f4xx_spi.o(i.SPI_BiDirectionalLineConfig), (22 bytes).
    Removing stm32f4xx_spi.o(i.SPI_CalculateCRC), (20 bytes).
    Removing stm32f4xx_spi.o(i.SPI_Cmd), (20 bytes).
    Removing stm32f4xx_spi.o(i.SPI_DataSizeConfig), (16 bytes).
    Removing stm32f4xx_spi.o(i.SPI_GetCRC), (12 bytes).
    Removing stm32f4xx_spi.o(i.SPI_GetCRCPolynomial), (4 bytes).
    Removing stm32f4xx_spi.o(i.SPI_I2S_ClearFlag), (6 bytes).
    Removing stm32f4xx_spi.o(i.SPI_I2S_ClearITPendingBit), (14 bytes).
    Removing stm32f4xx_spi.o(i.SPI_I2S_DMACmd), (16 bytes).
    Removing stm32f4xx_spi.o(i.SPI_I2S_DeInit), (84 bytes).
    Removing stm32f4xx_spi.o(i.SPI_I2S_GetFlagStatus), (14 bytes).
    Removing stm32f4xx_spi.o(i.SPI_I2S_GetITStatus), (42 bytes).
    Removing stm32f4xx_spi.o(i.SPI_I2S_ITConfig), (24 bytes).
    Removing stm32f4xx_spi.o(i.SPI_I2S_ReceiveData), (4 bytes).
    Removing stm32f4xx_spi.o(i.SPI_I2S_SendData), (4 bytes).
    Removing stm32f4xx_spi.o(i.SPI_Init), (56 bytes).
    Removing stm32f4xx_spi.o(i.SPI_NSSInternalSoftwareConfig), (24 bytes).
    Removing stm32f4xx_spi.o(i.SPI_SSOutputCmd), (20 bytes).
    Removing stm32f4xx_spi.o(i.SPI_StructInit), (24 bytes).
    Removing stm32f4xx_spi.o(i.SPI_TIModeCmd), (20 bytes).
    Removing stm32f4xx_spi.o(i.SPI_TransmitCRC), (10 bytes).
    Removing stm32f4xx_syscfg.o(.rev16_text), (4 bytes).
    Removing stm32f4xx_syscfg.o(.revsh_text), (4 bytes).
    Removing stm32f4xx_syscfg.o(i.SYSCFG_CompensationCellCmd), (12 bytes).
    Removing stm32f4xx_syscfg.o(i.SYSCFG_DeInit), (24 bytes).
    Removing stm32f4xx_syscfg.o(i.SYSCFG_ETH_MediaInterfaceConfig), (12 bytes).
    Removing stm32f4xx_syscfg.o(i.SYSCFG_EXTILineConfig), (48 bytes).
    Removing stm32f4xx_syscfg.o(i.SYSCFG_GetCompensationCellStatus), (20 bytes).
    Removing stm32f4xx_syscfg.o(i.SYSCFG_MemoryRemapConfig), (12 bytes).
    Removing stm32f4xx_tim.o(.rev16_text), (4 bytes).
    Removing stm32f4xx_tim.o(.revsh_text), (4 bytes).
    Removing stm32f4xx_tim.o(i.TI1_Config), (46 bytes).
    Removing stm32f4xx_tim.o(i.TI2_Config), (54 bytes).
    Removing stm32f4xx_tim.o(i.TIM_ARRPreloadConfig), (20 bytes).
    Removing stm32f4xx_tim.o(i.TIM_BDTRConfig), (34 bytes).
    Removing stm32f4xx_tim.o(i.TIM_BDTRStructInit), (18 bytes).
    Removing stm32f4xx_tim.o(i.TIM_CCPreloadControl), (20 bytes).
    Removing stm32f4xx_tim.o(i.TIM_CCxCmd), (22 bytes).
    Removing stm32f4xx_tim.o(i.TIM_CCxNCmd), (22 bytes).
    Removing stm32f4xx_tim.o(i.TIM_ClearFlag), (6 bytes).
    Removing stm32f4xx_tim.o(i.TIM_ClearITPendingBit), (6 bytes).
    Removing stm32f4xx_tim.o(i.TIM_ClearOC1Ref), (12 bytes).
    Removing stm32f4xx_tim.o(i.TIM_ClearOC2Ref), (20 bytes).
    Removing stm32f4xx_tim.o(i.TIM_ClearOC3Ref), (12 bytes).
    Removing stm32f4xx_tim.o(i.TIM_ClearOC4Ref), (20 bytes).
    Removing stm32f4xx_tim.o(i.TIM_Cmd), (20 bytes).
    Removing stm32f4xx_tim.o(i.TIM_CounterModeConfig), (12 bytes).
    Removing stm32f4xx_tim.o(i.TIM_CtrlPWMOutputs), (22 bytes).
    Removing stm32f4xx_tim.o(i.TIM_DMACmd), (16 bytes).
    Removing stm32f4xx_tim.o(i.TIM_DMAConfig), (8 bytes).
    Removing stm32f4xx_tim.o(i.TIM_DeInit), (336 bytes).
    Removing stm32f4xx_tim.o(i.TIM_ETRClockMode1Config), (18 bytes).
    Removing stm32f4xx_tim.o(i.TIM_ETRClockMode2Config), (18 bytes).
    Removing stm32f4xx_tim.o(i.TIM_ETRConfig), (24 bytes).
    Removing stm32f4xx_tim.o(i.TIM_EncoderInterfaceConfig), (50 bytes).
    Removing stm32f4xx_tim.o(i.TIM_ForcedOC1Config), (12 bytes).
    Removing stm32f4xx_tim.o(i.TIM_ForcedOC2Config), (20 bytes).
    Removing stm32f4xx_tim.o(i.TIM_ForcedOC3Config), (12 bytes).
    Removing stm32f4xx_tim.o(i.TIM_ForcedOC4Config), (20 bytes).
    Removing stm32f4xx_tim.o(i.TIM_GenerateEvent), (4 bytes).
    Removing stm32f4xx_tim.o(i.TIM_GetCapture1), (4 bytes).
    Removing stm32f4xx_tim.o(i.TIM_GetCapture2), (4 bytes).
    Removing stm32f4xx_tim.o(i.TIM_GetCapture3), (4 bytes).
    Removing stm32f4xx_tim.o(i.TIM_GetCapture4), (4 bytes).
    Removing stm32f4xx_tim.o(i.TIM_GetCounter), (4 bytes).
    Removing stm32f4xx_tim.o(i.TIM_GetFlagStatus), (14 bytes).
    Removing stm32f4xx_tim.o(i.TIM_GetITStatus), (24 bytes).
    Removing stm32f4xx_tim.o(i.TIM_GetPrescaler), (4 bytes).
    Removing stm32f4xx_tim.o(i.TIM_ICInit), (172 bytes).
    Removing stm32f4xx_tim.o(i.TIM_ICStructInit), (16 bytes).
    Removing stm32f4xx_tim.o(i.TIM_ITConfig), (16 bytes).
    Removing stm32f4xx_tim.o(i.TIM_ITRxExternalClockConfig), (18 bytes).
    Removing stm32f4xx_tim.o(i.TIM_InternalClockConfig), (10 bytes).
    Removing stm32f4xx_tim.o(i.TIM_OC1FastConfig), (12 bytes).
    Removing stm32f4xx_tim.o(i.TIM_OC1Init), (96 bytes).
    Removing stm32f4xx_tim.o(i.TIM_OC1NPolarityConfig), (12 bytes).
    Removing stm32f4xx_tim.o(i.TIM_OC1PolarityConfig), (12 bytes).
    Removing stm32f4xx_tim.o(i.TIM_OC1PreloadConfig), (12 bytes).
    Removing stm32f4xx_tim.o(i.TIM_OC2FastConfig), (20 bytes).
    Removing stm32f4xx_tim.o(i.TIM_OC2Init), (128 bytes).
    Removing stm32f4xx_tim.o(i.TIM_OC2NPolarityConfig), (20 bytes).
    Removing stm32f4xx_tim.o(i.TIM_OC2PolarityConfig), (20 bytes).
    Removing stm32f4xx_tim.o(i.TIM_OC2PreloadConfig), (20 bytes).
    Removing stm32f4xx_tim.o(i.TIM_OC3FastConfig), (12 bytes).
    Removing stm32f4xx_tim.o(i.TIM_OC3Init), (124 bytes).
    Removing stm32f4xx_tim.o(i.TIM_OC3NPolarityConfig), (20 bytes).
    Removing stm32f4xx_tim.o(i.TIM_OC3PolarityConfig), (20 bytes).
    Removing stm32f4xx_tim.o(i.TIM_OC3PreloadConfig), (12 bytes).
    Removing stm32f4xx_tim.o(i.TIM_OC4FastConfig), (20 bytes).
    Removing stm32f4xx_tim.o(i.TIM_OC4Init), (96 bytes).
    Removing stm32f4xx_tim.o(i.TIM_OC4PolarityConfig), (20 bytes).
    Removing stm32f4xx_tim.o(i.TIM_OC4PreloadConfig), (20 bytes).
    Removing stm32f4xx_tim.o(i.TIM_OCStructInit), (20 bytes).
    Removing stm32f4xx_tim.o(i.TIM_PWMIConfig), (108 bytes).
    Removing stm32f4xx_tim.o(i.TIM_PrescalerConfig), (6 bytes).
    Removing stm32f4xx_tim.o(i.TIM_RemapConfig), (6 bytes).
    Removing stm32f4xx_tim.o(i.TIM_SelectCCDMA), (20 bytes).
    Removing stm32f4xx_tim.o(i.TIM_SelectCOM), (20 bytes).
    Removing stm32f4xx_tim.o(i.TIM_SelectHallSensor), (20 bytes).
    Removing stm32f4xx_tim.o(i.TIM_SelectInputTrigger), (12 bytes).
    Removing stm32f4xx_tim.o(i.TIM_SelectMasterSlaveMode), (16 bytes).
    Removing stm32f4xx_tim.o(i.TIM_SelectOCxM), (74 bytes).
    Removing stm32f4xx_tim.o(i.TIM_SelectOnePulseMode), (16 bytes).
    Removing stm32f4xx_tim.o(i.TIM_SelectOutputTrigger), (16 bytes).
    Removing stm32f4xx_tim.o(i.TIM_SelectSlaveMode), (16 bytes).
    Removing stm32f4xx_tim.o(i.TIM_SetAutoreload), (4 bytes).
    Removing stm32f4xx_tim.o(i.TIM_SetClockDivision), (16 bytes).
    Removing stm32f4xx_tim.o(i.TIM_SetCompare1), (4 bytes).
    Removing stm32f4xx_tim.o(i.TIM_SetCompare2), (4 bytes).
    Removing stm32f4xx_tim.o(i.TIM_SetCompare3), (4 bytes).
    Removing stm32f4xx_tim.o(i.TIM_SetCompare4), (4 bytes).
    Removing stm32f4xx_tim.o(i.TIM_SetCounter), (4 bytes).
    Removing stm32f4xx_tim.o(i.TIM_SetIC1Prescaler), (16 bytes).
    Removing stm32f4xx_tim.o(i.TIM_SetIC2Prescaler), (24 bytes).
    Removing stm32f4xx_tim.o(i.TIM_SetIC3Prescaler), (16 bytes).
    Removing stm32f4xx_tim.o(i.TIM_SetIC4Prescaler), (24 bytes).
    Removing stm32f4xx_tim.o(i.TIM_TIxExternalClockConfig), (46 bytes).
    Removing stm32f4xx_tim.o(i.TIM_TimeBaseInit), (124 bytes).
    Removing stm32f4xx_tim.o(i.TIM_TimeBaseStructInit), (18 bytes).
    Removing stm32f4xx_tim.o(i.TIM_UpdateDisableConfig), (20 bytes).
    Removing stm32f4xx_tim.o(i.TIM_UpdateRequestConfig), (20 bytes).
    Removing stm32f4xx_usart.o(.rev16_text), (4 bytes).
    Removing stm32f4xx_usart.o(.revsh_text), (4 bytes).
    Removing stm32f4xx_usart.o(i.USART_ClearFlag), (6 bytes).
    Removing stm32f4xx_usart.o(i.USART_ClearITPendingBit), (12 bytes).
    Removing stm32f4xx_usart.o(i.USART_ClockInit), (28 bytes).
    Removing stm32f4xx_usart.o(i.USART_ClockStructInit), (12 bytes).
    Removing stm32f4xx_usart.o(i.USART_DMACmd), (16 bytes).
    Removing stm32f4xx_usart.o(i.USART_DeInit), (140 bytes).
    Removing stm32f4xx_usart.o(i.USART_GetITStatus), (62 bytes).
    Removing stm32f4xx_usart.o(i.USART_HalfDuplexCmd), (20 bytes).
    Removing stm32f4xx_usart.o(i.USART_ITConfig), (48 bytes).
    Removing stm32f4xx_usart.o(i.USART_IrDACmd), (20 bytes).
    Removing stm32f4xx_usart.o(i.USART_IrDAConfig), (16 bytes).
    Removing stm32f4xx_usart.o(i.USART_LINBreakDetectLengthConfig), (16 bytes).
    Removing stm32f4xx_usart.o(i.USART_LINCmd), (20 bytes).
    Removing stm32f4xx_usart.o(i.USART_OneBitMethodCmd), (20 bytes).
    Removing stm32f4xx_usart.o(i.USART_OverSampling8Cmd), (20 bytes).
    Removing stm32f4xx_usart.o(i.USART_ReceiveData), (8 bytes).
    Removing stm32f4xx_usart.o(i.USART_ReceiverWakeUpCmd), (20 bytes).
    Removing stm32f4xx_usart.o(i.USART_SendBreak), (10 bytes).
    Removing stm32f4xx_usart.o(i.USART_SetAddress), (16 bytes).
    Removing stm32f4xx_usart.o(i.USART_SetGuardTime), (16 bytes).
    Removing stm32f4xx_usart.o(i.USART_SetPrescaler), (16 bytes).
    Removing stm32f4xx_usart.o(i.USART_SmartCardCmd), (20 bytes).
    Removing stm32f4xx_usart.o(i.USART_SmartCardNACKCmd), (20 bytes).
    Removing stm32f4xx_usart.o(i.USART_StructInit), (22 bytes).
    Removing stm32f4xx_usart.o(i.USART_WakeUpConfig), (16 bytes).
    Removing stm32f4xx_wwdg.o(.rev16_text), (4 bytes).
    Removing stm32f4xx_wwdg.o(.revsh_text), (4 bytes).
    Removing stm32f4xx_wwdg.o(i.WWDG_ClearFlag), (12 bytes).
    Removing stm32f4xx_wwdg.o(i.WWDG_DeInit), (24 bytes).
    Removing stm32f4xx_wwdg.o(i.WWDG_Enable), (16 bytes).
    Removing stm32f4xx_wwdg.o(i.WWDG_EnableIT), (16 bytes).
    Removing stm32f4xx_wwdg.o(i.WWDG_GetFlagStatus), (20 bytes).
    Removing stm32f4xx_wwdg.o(i.WWDG_SetCounter), (16 bytes).
    Removing stm32f4xx_wwdg.o(i.WWDG_SetPrescaler), (20 bytes).
    Removing stm32f4xx_wwdg.o(i.WWDG_SetWindowValue), (28 bytes).
    Removing system_stm32f4xx.o(.rev16_text), (4 bytes).
    Removing system_stm32f4xx.o(.revsh_text), (4 bytes).
    Removing system_stm32f4xx.o(i.SystemCoreClockUpdate), (100 bytes).
    Removing system_stm32f4xx.o(.data), (20 bytes).
    Removing startup_stm32f4xx.o(HEAP), (512 bytes).

671 unused section(s) (total 23842 bytes) removed from the image.

==============================================================================

Image Symbol Table

    Local Symbols

    Symbol Name                              Value     Ov Type        Size  Object(Section)

    ../clib/microlib/init/entry.s            0x00000000   Number         0  entry11a.o ABSOLUTE
    ../clib/microlib/init/entry.s            0x00000000   Number         0  entry8a.o ABSOLUTE
    ../clib/microlib/init/entry.s            0x00000000   Number         0  entry5.o ABSOLUTE
    ../clib/microlib/init/entry.s            0x00000000   Number         0  entry10a.o ABSOLUTE
    ../clib/microlib/init/entry.s            0x00000000   Number         0  entry2.o ABSOLUTE
    ../clib/microlib/init/entry.s            0x00000000   Number         0  entry9b.o ABSOLUTE
    ../clib/microlib/init/entry.s            0x00000000   Number         0  entry11b.o ABSOLUTE
    ../clib/microlib/init/entry.s            0x00000000   Number         0  entry9a.o ABSOLUTE
    ../clib/microlib/init/entry.s            0x00000000   Number         0  entry8b.o ABSOLUTE
    ../clib/microlib/init/entry.s            0x00000000   Number         0  entry.o ABSOLUTE
    ../clib/microlib/init/entry.s            0x00000000   Number         0  entry7b.o ABSOLUTE
    ../clib/microlib/init/entry.s            0x00000000   Number         0  entry7a.o ABSOLUTE
    ../clib/microlib/init/entry.s            0x00000000   Number         0  entry10b.o ABSOLUTE
    ../clib/microlib/string/memcpy.c         0x00000000   Number         0  memcpyb.o ABSOLUTE
    ../clib/microlib/string/memcpy.c         0x00000000   Number         0  memcpya.o ABSOLUTE
    ..\..\..\Libraries\CMSIS\Device\ST\STM32F4xx\Source\Templates\arm\startup_stm32f4xx.s 0x00000000   Number         0  startup_stm32f4xx.o ABSOLUTE
    ..\..\..\Libraries\STM32F4xx_StdPeriph_Driver\src\misc.c 0x00000000   Number         0  misc.o ABSOLUTE
    ..\..\..\Libraries\STM32F4xx_StdPeriph_Driver\src\stm32f4xx_adc.c 0x00000000   Number         0  stm32f4xx_adc.o ABSOLUTE
    ..\..\..\Libraries\STM32F4xx_StdPeriph_Driver\src\stm32f4xx_can.c 0x00000000   Number         0  stm32f4xx_can.o ABSOLUTE
    ..\..\..\Libraries\STM32F4xx_StdPeriph_Driver\src\stm32f4xx_crc.c 0x00000000   Number         0  stm32f4xx_crc.o ABSOLUTE
    ..\..\..\Libraries\STM32F4xx_StdPeriph_Driver\src\stm32f4xx_cryp.c 0x00000000   Number         0  stm32f4xx_cryp.o ABSOLUTE
    ..\..\..\Libraries\STM32F4xx_StdPeriph_Driver\src\stm32f4xx_cryp_aes.c 0x00000000   Number         0  stm32f4xx_cryp_aes.o ABSOLUTE
    ..\..\..\Libraries\STM32F4xx_StdPeriph_Driver\src\stm32f4xx_cryp_des.c 0x00000000   Number         0  stm32f4xx_cryp_des.o ABSOLUTE
    ..\..\..\Libraries\STM32F4xx_StdPeriph_Driver\src\stm32f4xx_cryp_tdes.c 0x00000000   Number         0  stm32f4xx_cryp_tdes.o ABSOLUTE
    ..\..\..\Libraries\STM32F4xx_StdPeriph_Driver\src\stm32f4xx_dac.c 0x00000000   Number         0  stm32f4xx_dac.o ABSOLUTE
    ..\..\..\Libraries\STM32F4xx_StdPeriph_Driver\src\stm32f4xx_dbgmcu.c 0x00000000   Number         0  stm32f4xx_dbgmcu.o ABSOLUTE
    ..\..\..\Libraries\STM32F4xx_StdPeriph_Driver\src\stm32f4xx_dcmi.c 0x00000000   Number         0  stm32f4xx_dcmi.o ABSOLUTE
    ..\..\..\Libraries\STM32F4xx_StdPeriph_Driver\src\stm32f4xx_dma.c 0x00000000   Number         0  stm32f4xx_dma.o ABSOLUTE
    ..\..\..\Libraries\STM32F4xx_StdPeriph_Driver\src\stm32f4xx_exti.c 0x00000000   Number         0  stm32f4xx_exti.o ABSOLUTE
    ..\..\..\Libraries\STM32F4xx_StdPeriph_Driver\src\stm32f4xx_flash.c 0x00000000   Number         0  stm32f4xx_flash.o ABSOLUTE
    ..\..\..\Libraries\STM32F4xx_StdPeriph_Driver\src\stm32f4xx_fsmc.c 0x00000000   Number         0  stm32f4xx_fsmc.o ABSOLUTE
    ..\..\..\Libraries\STM32F4xx_StdPeriph_Driver\src\stm32f4xx_gpio.c 0x00000000   Number         0  stm32f4xx_gpio.o ABSOLUTE
    ..\..\..\Libraries\STM32F4xx_StdPeriph_Driver\src\stm32f4xx_hash.c 0x00000000   Number         0  stm32f4xx_hash.o ABSOLUTE
    ..\..\..\Libraries\STM32F4xx_StdPeriph_Driver\src\stm32f4xx_hash_md5.c 0x00000000   Number         0  stm32f4xx_hash_md5.o ABSOLUTE
    ..\..\..\Libraries\STM32F4xx_StdPeriph_Driver\src\stm32f4xx_hash_sha1.c 0x00000000   Number         0  stm32f4xx_hash_sha1.o ABSOLUTE
    ..\..\..\Libraries\STM32F4xx_StdPeriph_Driver\src\stm32f4xx_i2c.c 0x00000000   Number         0  stm32f4xx_i2c.o ABSOLUTE
    ..\..\..\Libraries\STM32F4xx_StdPeriph_Driver\src\stm32f4xx_iwdg.c 0x00000000   Number         0  stm32f4xx_iwdg.o ABSOLUTE
    ..\..\..\Libraries\STM32F4xx_StdPeriph_Driver\src\stm32f4xx_pwr.c 0x00000000   Number         0  stm32f4xx_pwr.o ABSOLUTE
    ..\..\..\Libraries\STM32F4xx_StdPeriph_Driver\src\stm32f4xx_rcc.c 0x00000000   Number         0  stm32f4xx_rcc.o ABSOLUTE
    ..\..\..\Libraries\STM32F4xx_StdPeriph_Driver\src\stm32f4xx_rng.c 0x00000000   Number         0  stm32f4xx_rng.o ABSOLUTE
    ..\..\..\Libraries\STM32F4xx_StdPeriph_Driver\src\stm32f4xx_rtc.c 0x00000000   Number         0  stm32f4xx_rtc.o ABSOLUTE
    ..\..\..\Libraries\STM32F4xx_StdPeriph_Driver\src\stm32f4xx_sdio.c 0x00000000   Number         0  stm32f4xx_sdio.o ABSOLUTE
    ..\..\..\Libraries\STM32F4xx_StdPeriph_Driver\src\stm32f4xx_spi.c 0x00000000   Number         0  stm32f4xx_spi.o ABSOLUTE
    ..\..\..\Libraries\STM32F4xx_StdPeriph_Driver\src\stm32f4xx_syscfg.c 0x00000000   Number         0  stm32f4xx_syscfg.o ABSOLUTE
    ..\..\..\Libraries\STM32F4xx_StdPeriph_Driver\src\stm32f4xx_tim.c 0x00000000   Number         0  stm32f4xx_tim.o ABSOLUTE
    ..\..\..\Libraries\STM32F4xx_StdPeriph_Driver\src\stm32f4xx_usart.c 0x00000000   Number         0  stm32f4xx_usart.o ABSOLUTE
    ..\..\..\Libraries\STM32F4xx_StdPeriph_Driver\src\stm32f4xx_wwdg.c 0x00000000   Number         0  stm32f4xx_wwdg.o ABSOLUTE
    ..\..\..\Utilities\STM32_EVAL\STM3240_41_G_EVAL\stm324xg_eval.c 0x00000000   Number         0  stm324xg_eval.o ABSOLUTE
    ..\\..\\..\\Libraries\\STM32F4xx_StdPeriph_Driver\\src\\misc.c 0x00000000   Number         0  misc.o ABSOLUTE
    ..\\..\\..\\Libraries\\STM32F4xx_StdPeriph_Driver\\src\\stm32f4xx_adc.c 0x00000000   Number         0  stm32f4xx_adc.o ABSOLUTE
    ..\\..\\..\\Libraries\\STM32F4xx_StdPeriph_Driver\\src\\stm32f4xx_can.c 0x00000000   Number         0  stm32f4xx_can.o ABSOLUTE
    ..\\..\\..\\Libraries\\STM32F4xx_StdPeriph_Driver\\src\\stm32f4xx_crc.c 0x00000000   Number         0  stm32f4xx_crc.o ABSOLUTE
    ..\\..\\..\\Libraries\\STM32F4xx_StdPeriph_Driver\\src\\stm32f4xx_cryp.c 0x00000000   Number         0  stm32f4xx_cryp.o ABSOLUTE
    ..\\..\\..\\Libraries\\STM32F4xx_StdPeriph_Driver\\src\\stm32f4xx_cryp_aes.c 0x00000000   Number         0  stm32f4xx_cryp_aes.o ABSOLUTE
    ..\\..\\..\\Libraries\\STM32F4xx_StdPeriph_Driver\\src\\stm32f4xx_cryp_des.c 0x00000000   Number         0  stm32f4xx_cryp_des.o ABSOLUTE
    ..\\..\\..\\Libraries\\STM32F4xx_StdPeriph_Driver\\src\\stm32f4xx_cryp_tdes.c 0x00000000   Number         0  stm32f4xx_cryp_tdes.o ABSOLUTE
    ..\\..\\..\\Libraries\\STM32F4xx_StdPeriph_Driver\\src\\stm32f4xx_dac.c 0x00000000   Number         0  stm32f4xx_dac.o ABSOLUTE
    ..\\..\\..\\Libraries\\STM32F4xx_StdPeriph_Driver\\src\\stm32f4xx_dbgmcu.c 0x00000000   Number         0  stm32f4xx_dbgmcu.o ABSOLUTE
    ..\\..\\..\\Libraries\\STM32F4xx_StdPeriph_Driver\\src\\stm32f4xx_dcmi.c 0x00000000   Number         0  stm32f4xx_dcmi.o ABSOLUTE
    ..\\..\\..\\Libraries\\STM32F4xx_StdPeriph_Driver\\src\\stm32f4xx_dma.c 0x00000000   Number         0  stm32f4xx_dma.o ABSOLUTE
    ..\\..\\..\\Libraries\\STM32F4xx_StdPeriph_Driver\\src\\stm32f4xx_exti.c 0x00000000   Number         0  stm32f4xx_exti.o ABSOLUTE
    ..\\..\\..\\Libraries\\STM32F4xx_StdPeriph_Driver\\src\\stm32f4xx_flash.c 0x00000000   Number         0  stm32f4xx_flash.o ABSOLUTE
    ..\\..\\..\\Libraries\\STM32F4xx_StdPeriph_Driver\\src\\stm32f4xx_fsmc.c 0x00000000   Number         0  stm32f4xx_fsmc.o ABSOLUTE
    ..\\..\\..\\Libraries\\STM32F4xx_StdPeriph_Driver\\src\\stm32f4xx_gpio.c 0x00000000   Number         0  stm32f4xx_gpio.o ABSOLUTE
    ..\\..\\..\\Libraries\\STM32F4xx_StdPeriph_Driver\\src\\stm32f4xx_hash.c 0x00000000   Number         0  stm32f4xx_hash.o ABSOLUTE
    ..\\..\\..\\Libraries\\STM32F4xx_StdPeriph_Driver\\src\\stm32f4xx_hash_md5.c 0x00000000   Number         0  stm32f4xx_hash_md5.o ABSOLUTE
    ..\\..\\..\\Libraries\\STM32F4xx_StdPeriph_Driver\\src\\stm32f4xx_hash_sha1.c 0x00000000   Number         0  stm32f4xx_hash_sha1.o ABSOLUTE
    ..\\..\\..\\Libraries\\STM32F4xx_StdPeriph_Driver\\src\\stm32f4xx_i2c.c 0x00000000   Number         0  stm32f4xx_i2c.o ABSOLUTE
    ..\\..\\..\\Libraries\\STM32F4xx_StdPeriph_Driver\\src\\stm32f4xx_iwdg.c 0x00000000   Number         0  stm32f4xx_iwdg.o ABSOLUTE
    ..\\..\\..\\Libraries\\STM32F4xx_StdPeriph_Driver\\src\\stm32f4xx_pwr.c 0x00000000   Number         0  stm32f4xx_pwr.o ABSOLUTE
    ..\\..\\..\\Libraries\\STM32F4xx_StdPeriph_Driver\\src\\stm32f4xx_rcc.c 0x00000000   Number         0  stm32f4xx_rcc.o ABSOLUTE
    ..\\..\\..\\Libraries\\STM32F4xx_StdPeriph_Driver\\src\\stm32f4xx_rng.c 0x00000000   Number         0  stm32f4xx_rng.o ABSOLUTE
    ..\\..\\..\\Libraries\\STM32F4xx_StdPeriph_Driver\\src\\stm32f4xx_rtc.c 0x00000000   Number         0  stm32f4xx_rtc.o ABSOLUTE
    ..\\..\\..\\Libraries\\STM32F4xx_StdPeriph_Driver\\src\\stm32f4xx_sdio.c 0x00000000   Number         0  stm32f4xx_sdio.o ABSOLUTE
    ..\\..\\..\\Libraries\\STM32F4xx_StdPeriph_Driver\\src\\stm32f4xx_spi.c 0x00000000   Number         0  stm32f4xx_spi.o ABSOLUTE
    ..\\..\\..\\Libraries\\STM32F4xx_StdPeriph_Driver\\src\\stm32f4xx_syscfg.c 0x00000000   Number         0  stm32f4xx_syscfg.o ABSOLUTE
    ..\\..\\..\\Libraries\\STM32F4xx_StdPeriph_Driver\\src\\stm32f4xx_tim.c 0x00000000   Number         0  stm32f4xx_tim.o ABSOLUTE
    ..\\..\\..\\Libraries\\STM32F4xx_StdPeriph_Driver\\src\\stm32f4xx_usart.c 0x00000000   Number         0  stm32f4xx_usart.o ABSOLUTE
    ..\\..\\..\\Libraries\\STM32F4xx_StdPeriph_Driver\\src\\stm32f4xx_wwdg.c 0x00000000   Number         0  stm32f4xx_wwdg.o ABSOLUTE
    ..\\..\\..\\Utilities\\STM32_EVAL\\STM3240_41_G_EVAL\\stm324xg_eval.c 0x00000000   Number         0  stm324xg_eval.o ABSOLUTE
    ..\\src\\common.c                        0x00000000   Number         0  common.o ABSOLUTE
    ..\\src\\flash_if.c                      0x00000000   Number         0  flash_if.o ABSOLUTE
    ..\\src\\main.c                          0x00000000   Number         0  main.o ABSOLUTE
    ..\\src\\menu.c                          0x00000000   Number         0  menu.o ABSOLUTE
    ..\\src\\stm32f4xx_it.c                  0x00000000   Number         0  stm32f4xx_it.o ABSOLUTE
    ..\\src\\system_stm32f4xx.c              0x00000000   Number         0  system_stm32f4xx.o ABSOLUTE
    ..\\src\\ymodem.c                        0x00000000   Number         0  ymodem.o ABSOLUTE
    ..\src\common.c                          0x00000000   Number         0  common.o ABSOLUTE
    ..\src\flash_if.c                        0x00000000   Number         0  flash_if.o ABSOLUTE
    ..\src\main.c                            0x00000000   Number         0  main.o ABSOLUTE
    ..\src\menu.c                            0x00000000   Number         0  menu.o ABSOLUTE
    ..\src\stm32f4xx_it.c                    0x00000000   Number         0  stm32f4xx_it.o ABSOLUTE
    ..\src\system_stm32f4xx.c                0x00000000   Number         0  system_stm32f4xx.o ABSOLUTE
    ..\src\ymodem.c                          0x00000000   Number         0  ymodem.o ABSOLUTE
    dc.s                                     0x00000000   Number         0  dc.o ABSOLUTE
    handlers.s                               0x00000000   Number         0  handlers.o ABSOLUTE
    init.s                                   0x00000000   Number         0  init.o ABSOLUTE
    RESET                                    0x08000000   Section      392  startup_stm32f4xx.o(RESET)
    .ARM.Collect$$$$00000000                 0x08000188   Section        0  entry.o(.ARM.Collect$$$$00000000)
    .ARM.Collect$$$$00000001                 0x08000188   Section        4  entry2.o(.ARM.Collect$$$$00000001)
    .ARM.Collect$$$$00000004                 0x0800018c   Section        4  entry5.o(.ARM.Collect$$$$00000004)
    .ARM.Collect$$$$00000008                 0x08000190   Section        0  entry7b.o(.ARM.Collect$$$$00000008)
    .ARM.Collect$$$$0000000A                 0x08000190   Section        0  entry8b.o(.ARM.Collect$$$$0000000A)
    .ARM.Collect$$$$0000000B                 0x08000190   Section        8  entry9a.o(.ARM.Collect$$$$0000000B)
    .ARM.Collect$$$$0000000D                 0x08000198   Section        0  entry10a.o(.ARM.Collect$$$$0000000D)
    .ARM.Collect$$$$0000000F                 0x08000198   Section        0  entry11a.o(.ARM.Collect$$$$0000000F)
    .ARM.Collect$$$$00002712                 0x08000198   Section        4  entry2.o(.ARM.Collect$$$$00002712)
    __lit__00000000                          0x08000198   Data           4  entry2.o(.ARM.Collect$$$$00002712)
    .text                                    0x0800019c   Section       36  startup_stm32f4xx.o(.text)
    $v0                                      0x0800019c   Number         0  startup_stm32f4xx.o(.text)
    .text                                    0x080001c0   Section        0  memcpya.o(.text)
    .text                                    0x080001e4   Section       36  init.o(.text)
    i.BusFault_Handler                       0x08000208   Section        0  stm32f4xx_it.o(i.BusFault_Handler)
    i.CalChecksum                            0x0800020c   Section        0  ymodem.o(i.CalChecksum)
    i.Cal_CRC16                              0x08000224   Section        0  ymodem.o(i.Cal_CRC16)
    i.DebugMon_Handler                       0x0800024c   Section        0  stm32f4xx_it.o(i.DebugMon_Handler)
    i.Delay_us                               0x0800024e   Section        0  common.o(i.Delay_us)
    i.FLASH_ClearFlag                        0x0800027c   Section        0  stm32f4xx_flash.o(i.FLASH_ClearFlag)
    i.FLASH_EraseSector                      0x08000288   Section        0  stm32f4xx_flash.o(i.FLASH_EraseSector)
    i.FLASH_GetStatus                        0x080002f4   Section        0  stm32f4xx_flash.o(i.FLASH_GetStatus)
    i.FLASH_If_DisableWriteProtection        0x08000328   Section        0  flash_if.o(i.FLASH_If_DisableWriteProtection)
    i.FLASH_If_Erase                         0x08000364   Section        0  flash_if.o(i.FLASH_If_Erase)
    i.FLASH_If_GetWriteProtectionStatus      0x08000390   Section        0  flash_if.o(i.FLASH_If_GetWriteProtectionStatus)
    i.FLASH_If_Init                          0x080003bc   Section        0  flash_if.o(i.FLASH_If_Init)
    i.FLASH_If_Write                         0x080003cc   Section        0  flash_if.o(i.FLASH_If_Write)
    i.FLASH_OB_GetWRP                        0x0800041c   Section        0  stm32f4xx_flash.o(i.FLASH_OB_GetWRP)
    i.FLASH_OB_Launch                        0x08000428   Section        0  stm32f4xx_flash.o(i.FLASH_OB_Launch)
    i.FLASH_OB_Unlock                        0x0800043c   Section        0  stm32f4xx_flash.o(i.FLASH_OB_Unlock)
    i.FLASH_OB_WRPConfig                     0x08000460   Section        0  stm32f4xx_flash.o(i.FLASH_OB_WRPConfig)
    i.FLASH_ProgramWord                      0x08000484   Section        0  stm32f4xx_flash.o(i.FLASH_ProgramWord)
    i.FLASH_Unlock                           0x080004c0   Section        0  stm32f4xx_flash.o(i.FLASH_Unlock)
    i.FLASH_WaitForLastOperation             0x080004e4   Section        0  stm32f4xx_flash.o(i.FLASH_WaitForLastOperation)
    i.GPIO_Init                              0x08000502   Section        0  stm32f4xx_gpio.o(i.GPIO_Init)
    i.GPIO_PinAFConfig                       0x080005a4   Section        0  stm32f4xx_gpio.o(i.GPIO_PinAFConfig)
    i.GPIO_ResetBits                         0x080005c4   Section        0  stm32f4xx_gpio.o(i.GPIO_ResetBits)
    i.GPIO_SetBits                           0x080005c8   Section        0  stm32f4xx_gpio.o(i.GPIO_SetBits)
    i.GetKey                                 0x080005cc   Section        0  common.o(i.GetKey)
    i.GetSector                              0x080005e4   Section        0  flash_if.o(i.GetSector)
    GetSector                                0x080005e5   Thumb Code   146  flash_if.o(i.GetSector)
    i.HardFault_Handler                      0x080006a0   Section        0  stm32f4xx_it.o(i.HardFault_Handler)
    i.IAP_Init                               0x080006a4   Section        0  main.o(i.IAP_Init)
    IAP_Init                                 0x080006a5   Thumb Code   156  main.o(i.IAP_Init)
    i.Int2Str                                0x08000748   Section        0  common.o(i.Int2Str)
    i.Main_Menu                              0x08000788   Section        0  menu.o(i.Main_Menu)
    i.MemManage_Handler                      0x08000ac4   Section        0  stm32f4xx_it.o(i.MemManage_Handler)
    i.NMI_Handler                            0x08000ac6   Section        0  stm32f4xx_it.o(i.NMI_Handler)
    i.PendSV_Handler                         0x08000ac8   Section        0  stm32f4xx_it.o(i.PendSV_Handler)
    i.RCC_AHB1PeriphClockCmd                 0x08000acc   Section        0  stm32f4xx_rcc.o(i.RCC_AHB1PeriphClockCmd)
    i.RCC_APB1PeriphClockCmd                 0x08000ae4   Section        0  stm32f4xx_rcc.o(i.RCC_APB1PeriphClockCmd)
    i.RCC_GetClocksFreq                      0x08000afc   Section        0  stm32f4xx_rcc.o(i.RCC_GetClocksFreq)
    i.Receive_Byte                           0x08000b7c   Section        0  ymodem.o(i.Receive_Byte)
    Receive_Byte                             0x08000b7d   Thumb Code    32  ymodem.o(i.Receive_Byte)
    i.Receive_Packet                         0x08000b9c   Section        0  ymodem.o(i.Receive_Packet)
    Receive_Packet                           0x08000b9d   Thumb Code   186  ymodem.o(i.Receive_Packet)
    i.STM_EVAL_COMInit                       0x08000c5c   Section        0  stm324xg_eval.o(i.STM_EVAL_COMInit)
    i.SVC_Handler                            0x08000d1c   Section        0  stm32f4xx_it.o(i.SVC_Handler)
    i.SerialDownload                         0x08000d20   Section        0  menu.o(i.SerialDownload)
    i.SerialKeyPressed                       0x08000ec4   Section        0  common.o(i.SerialKeyPressed)
    i.SerialPutChar                          0x08000ee4   Section        0  common.o(i.SerialPutChar)
    i.SerialUpload                           0x08000f34   Section        0  menu.o(i.SerialUpload)
    i.Serial_PutString                       0x08000fe8   Section        0  common.o(i.Serial_PutString)
    i.SetSysClock                            0x08001000   Section        0  system_stm32f4xx.o(i.SetSysClock)
    SetSysClock                              0x08001001   Thumb Code   162  system_stm32f4xx.o(i.SetSysClock)
    i.Str2Int                                0x080010b4   Section        0  common.o(i.Str2Int)
    i.SysTick_Handler                        0x08001170   Section        0  stm32f4xx_it.o(i.SysTick_Handler)
    i.SystemInit                             0x08001174   Section        0  system_stm32f4xx.o(i.SystemInit)
    i.USART_Cmd                              0x080011d0   Section        0  stm32f4xx_usart.o(i.USART_Cmd)
    i.USART_GetFlagStatus                    0x080011e4   Section        0  stm32f4xx_usart.o(i.USART_GetFlagStatus)
    i.USART_Init                             0x080011f4   Section        0  stm32f4xx_usart.o(i.USART_Init)
    i.USART_SendData                         0x080012a0   Section        0  stm32f4xx_usart.o(i.USART_SendData)
    i.UpdateCRC16                            0x080012a8   Section        0  ymodem.o(i.UpdateCRC16)
    i.UsageFault_Handler                     0x080012c8   Section        0  stm32f4xx_it.o(i.UsageFault_Handler)
    i.Ymodem_PrepareIntialPacket             0x080012ca   Section        0  ymodem.o(i.Ymodem_PrepareIntialPacket)
    i.Ymodem_PreparePacket                   0x08001322   Section        0  ymodem.o(i.Ymodem_PreparePacket)
    i.Ymodem_Receive                         0x08001378   Section        0  ymodem.o(i.Ymodem_Receive)
    i.Ymodem_SendPacket                      0x080014f4   Section        0  ymodem.o(i.Ymodem_SendPacket)
    i.Ymodem_Transmit                        0x08001510   Section        0  ymodem.o(i.Ymodem_Transmit)
    i.__scatterload_copy                     0x08001718   Section       14  handlers.o(i.__scatterload_copy)
    i.__scatterload_null                     0x08001726   Section        2  handlers.o(i.__scatterload_null)
    i.__scatterload_zeroinit                 0x08001728   Section       14  handlers.o(i.__scatterload_zeroinit)
    i.main                                   0x08001738   Section        0  main.o(i.main)
    .constdata                               0x08001790   Section       92  stm324xg_eval.o(.constdata)
    .conststring                             0x080017ec   Section      461  menu.o(.conststring)
    .data                                    0x20000000   Section        4  main.o(.data)
    .data                                    0x20000004   Section       12  menu.o(.data)
    .data                                    0x20000010   Section       44  stm324xg_eval.o(.data)
    .data                                    0x2000003c   Section       16  stm32f4xx_rcc.o(.data)
    APBAHBPrescTable                         0x2000003c   Data          16  stm32f4xx_rcc.o(.data)
    .bss                                     0x2000004c   Section     1280  menu.o(.bss)
    STACK                                    0x20000550   Section     1024  startup_stm32f4xx.o(STACK)

    Global Symbols

    Symbol Name                              Value     Ov Type        Size  Object(Section)

    BuildAttributes$$THM_ISAv4$E$P$D$K$B$S$7EM$VFPi3$EXTD16$VFPS$VFMA$PE$A:L22UL41UL21$X:L11$S22US41US21$IEEE1$IW$USESV6$~STKCKD$USESV7$~SHL$OSPACE$EBA8$MICROLIB$REQ8$PRES8$EABIv2 0x00000000   Number         0  anon$$obj.o ABSOLUTE
    __ARM_use_no_argv                        0x00000000   Number         0  main.o ABSOLUTE
    __cpp_initialize__aeabi_                  - Undefined Weak Reference
    __cxa_finalize                            - Undefined Weak Reference
    __decompress                              - Undefined Weak Reference
    _clock_init                               - Undefined Weak Reference
    _microlib_exit                            - Undefined Weak Reference
    __Vectors_Size                           0x00000188   Number         0  startup_stm32f4xx.o ABSOLUTE
    __Vectors                                0x08000000   Data           4  startup_stm32f4xx.o(RESET)
    __Vectors_End                            0x08000188   Data           0  startup_stm32f4xx.o(RESET)
    __main                                   0x08000189   Thumb Code     0  entry.o(.ARM.Collect$$$$00000000)
    _main_stk                                0x08000189   Thumb Code     0  entry2.o(.ARM.Collect$$$$00000001)
    _main_scatterload                        0x0800018d   Thumb Code     0  entry5.o(.ARM.Collect$$$$00000004)
    __main_after_scatterload                 0x08000191   Thumb Code     0  entry5.o(.ARM.Collect$$$$00000004)
    _main_clock                              0x08000191   Thumb Code     0  entry7b.o(.ARM.Collect$$$$00000008)
    _main_cpp_init                           0x08000191   Thumb Code     0  entry8b.o(.ARM.Collect$$$$0000000A)
    _main_init                               0x08000191   Thumb Code     0  entry9a.o(.ARM.Collect$$$$0000000B)
    __rt_final_cpp                           0x08000199   Thumb Code     0  entry10a.o(.ARM.Collect$$$$0000000D)
    __rt_final_exit                          0x08000199   Thumb Code     0  entry11a.o(.ARM.Collect$$$$0000000F)
    Reset_Handler                            0x0800019d   Thumb Code     8  startup_stm32f4xx.o(.text)
    ADC_IRQHandler                           0x080001b7   Thumb Code     0  startup_stm32f4xx.o(.text)
    CAN1_RX0_IRQHandler                      0x080001b7   Thumb Code     0  startup_stm32f4xx.o(.text)
    CAN1_RX1_IRQHandler                      0x080001b7   Thumb Code     0  startup_stm32f4xx.o(.text)
    CAN1_SCE_IRQHandler                      0x080001b7   Thumb Code     0  startup_stm32f4xx.o(.text)
    CAN1_TX_IRQHandler                       0x080001b7   Thumb Code     0  startup_stm32f4xx.o(.text)
    CAN2_RX0_IRQHandler                      0x080001b7   Thumb Code     0  startup_stm32f4xx.o(.text)
    CAN2_RX1_IRQHandler                      0x080001b7   Thumb Code     0  startup_stm32f4xx.o(.text)
    CAN2_SCE_IRQHandler                      0x080001b7   Thumb Code     0  startup_stm32f4xx.o(.text)
    CAN2_TX_IRQHandler                       0x080001b7   Thumb Code     0  startup_stm32f4xx.o(.text)
    CRYP_IRQHandler                          0x080001b7   Thumb Code     0  startup_stm32f4xx.o(.text)
    DCMI_IRQHandler                          0x080001b7   Thumb Code     0  startup_stm32f4xx.o(.text)
    DMA1_Stream0_IRQHandler                  0x080001b7   Thumb Code     0  startup_stm32f4xx.o(.text)
    DMA1_Stream1_IRQHandler                  0x080001b7   Thumb Code     0  startup_stm32f4xx.o(.text)
    DMA1_Stream2_IRQHandler                  0x080001b7   Thumb Code     0  startup_stm32f4xx.o(.text)
    DMA1_Stream3_IRQHandler                  0x080001b7   Thumb Code     0  startup_stm32f4xx.o(.text)
    DMA1_Stream4_IRQHandler                  0x080001b7   Thumb Code     0  startup_stm32f4xx.o(.text)
    DMA1_Stream5_IRQHandler                  0x080001b7   Thumb Code     0  startup_stm32f4xx.o(.text)
    DMA1_Stream6_IRQHandler                  0x080001b7   Thumb Code     0  startup_stm32f4xx.o(.text)
    DMA1_Stream7_IRQHandler                  0x080001b7   Thumb Code     0  startup_stm32f4xx.o(.text)
    DMA2_Stream0_IRQHandler                  0x080001b7   Thumb Code     0  startup_stm32f4xx.o(.text)
    DMA2_Stream1_IRQHandler                  0x080001b7   Thumb Code     0  startup_stm32f4xx.o(.text)
    DMA2_Stream2_IRQHandler                  0x080001b7   Thumb Code     0  startup_stm32f4xx.o(.text)
    DMA2_Stream3_IRQHandler                  0x080001b7   Thumb Code     0  startup_stm32f4xx.o(.text)
    DMA2_Stream4_IRQHandler                  0x080001b7   Thumb Code     0  startup_stm32f4xx.o(.text)
    DMA2_Stream5_IRQHandler                  0x080001b7   Thumb Code     0  startup_stm32f4xx.o(.text)
    DMA2_Stream6_IRQHandler                  0x080001b7   Thumb Code     0  startup_stm32f4xx.o(.text)
    DMA2_Stream7_IRQHandler                  0x080001b7   Thumb Code     0  startup_stm32f4xx.o(.text)
    ETH_IRQHandler                           0x080001b7   Thumb Code     0  startup_stm32f4xx.o(.text)
    ETH_WKUP_IRQHandler                      0x080001b7   Thumb Code     0  startup_stm32f4xx.o(.text)
    EXTI0_IRQHandler                         0x080001b7   Thumb Code     0  startup_stm32f4xx.o(.text)
    EXTI15_10_IRQHandler                     0x080001b7   Thumb Code     0  startup_stm32f4xx.o(.text)
    EXTI1_IRQHandler                         0x080001b7   Thumb Code     0  startup_stm32f4xx.o(.text)
    EXTI2_IRQHandler                         0x080001b7   Thumb Code     0  startup_stm32f4xx.o(.text)
    EXTI3_IRQHandler                         0x080001b7   Thumb Code     0  startup_stm32f4xx.o(.text)
    EXTI4_IRQHandler                         0x080001b7   Thumb Code     0  startup_stm32f4xx.o(.text)
    EXTI9_5_IRQHandler                       0x080001b7   Thumb Code     0  startup_stm32f4xx.o(.text)
    FLASH_IRQHandler                         0x080001b7   Thumb Code     0  startup_stm32f4xx.o(.text)
    FPU_IRQHandler                           0x080001b7   Thumb Code     0  startup_stm32f4xx.o(.text)
    FSMC_IRQHandler                          0x080001b7   Thumb Code     0  startup_stm32f4xx.o(.text)
    HASH_RNG_IRQHandler                      0x080001b7   Thumb Code     0  startup_stm32f4xx.o(.text)
    I2C1_ER_IRQHandler                       0x080001b7   Thumb Code     0  startup_stm32f4xx.o(.text)
    I2C1_EV_IRQHandler                       0x080001b7   Thumb Code     0  startup_stm32f4xx.o(.text)
    I2C2_ER_IRQHandler                       0x080001b7   Thumb Code     0  startup_stm32f4xx.o(.text)
    I2C2_EV_IRQHandler                       0x080001b7   Thumb Code     0  startup_stm32f4xx.o(.text)
    I2C3_ER_IRQHandler                       0x080001b7   Thumb Code     0  startup_stm32f4xx.o(.text)
    I2C3_EV_IRQHandler                       0x080001b7   Thumb Code     0  startup_stm32f4xx.o(.text)
    OTG_FS_IRQHandler                        0x080001b7   Thumb Code     0  startup_stm32f4xx.o(.text)
    OTG_FS_WKUP_IRQHandler                   0x080001b7   Thumb Code     0  startup_stm32f4xx.o(.text)
    OTG_HS_EP1_IN_IRQHandler                 0x080001b7   Thumb Code     0  startup_stm32f4xx.o(.text)
    OTG_HS_EP1_OUT_IRQHandler                0x080001b7   Thumb Code     0  startup_stm32f4xx.o(.text)
    OTG_HS_IRQHandler                        0x080001b7   Thumb Code     0  startup_stm32f4xx.o(.text)
    OTG_HS_WKUP_IRQHandler                   0x080001b7   Thumb Code     0  startup_stm32f4xx.o(.text)
    PVD_IRQHandler                           0x080001b7   Thumb Code     0  startup_stm32f4xx.o(.text)
    RCC_IRQHandler                           0x080001b7   Thumb Code     0  startup_stm32f4xx.o(.text)
    RTC_Alarm_IRQHandler                     0x080001b7   Thumb Code     0  startup_stm32f4xx.o(.text)
    RTC_WKUP_IRQHandler                      0x080001b7   Thumb Code     0  startup_stm32f4xx.o(.text)
    SDIO_IRQHandler                          0x080001b7   Thumb Code     0  startup_stm32f4xx.o(.text)
    SPI1_IRQHandler                          0x080001b7   Thumb Code     0  startup_stm32f4xx.o(.text)
    SPI2_IRQHandler                          0x080001b7   Thumb Code     0  startup_stm32f4xx.o(.text)
    SPI3_IRQHandler                          0x080001b7   Thumb Code     0  startup_stm32f4xx.o(.text)
    TAMP_STAMP_IRQHandler                    0x080001b7   Thumb Code     0  startup_stm32f4xx.o(.text)
    TIM1_BRK_TIM9_IRQHandler                 0x080001b7   Thumb Code     0  startup_stm32f4xx.o(.text)
    TIM1_CC_IRQHandler                       0x080001b7   Thumb Code     0  startup_stm32f4xx.o(.text)
    TIM1_TRG_COM_TIM11_IRQHandler            0x080001b7   Thumb Code     0  startup_stm32f4xx.o(.text)
    TIM1_UP_TIM10_IRQHandler                 0x080001b7   Thumb Code     0  startup_stm32f4xx.o(.text)
    TIM2_IRQHandler                          0x080001b7   Thumb Code     0  startup_stm32f4xx.o(.text)
    TIM3_IRQHandler                          0x080001b7   Thumb Code     0  startup_stm32f4xx.o(.text)
    TIM4_IRQHandler                          0x080001b7   Thumb Code     0  startup_stm32f4xx.o(.text)
    TIM5_IRQHandler                          0x080001b7   Thumb Code     0  startup_stm32f4xx.o(.text)
    TIM6_DAC_IRQHandler                      0x080001b7   Thumb Code     0  startup_stm32f4xx.o(.text)
    TIM7_IRQHandler                          0x080001b7   Thumb Code     0  startup_stm32f4xx.o(.text)
    TIM8_BRK_TIM12_IRQHandler                0x080001b7   Thumb Code     0  startup_stm32f4xx.o(.text)
    TIM8_CC_IRQHandler                       0x080001b7   Thumb Code     0  startup_stm32f4xx.o(.text)
    TIM8_TRG_COM_TIM14_IRQHandler            0x080001b7   Thumb Code     0  startup_stm32f4xx.o(.text)
    TIM8_UP_TIM13_IRQHandler                 0x080001b7   Thumb Code     0  startup_stm32f4xx.o(.text)
    UART4_IRQHandler                         0x080001b7   Thumb Code     0  startup_stm32f4xx.o(.text)
    UART5_IRQHandler                         0x080001b7   Thumb Code     0  startup_stm32f4xx.o(.text)
    USART1_IRQHandler                        0x080001b7   Thumb Code     0  startup_stm32f4xx.o(.text)
    USART2_IRQHandler                        0x080001b7   Thumb Code     0  startup_stm32f4xx.o(.text)
    USART3_IRQHandler                        0x080001b7   Thumb Code     0  startup_stm32f4xx.o(.text)
    USART6_IRQHandler                        0x080001b7   Thumb Code     0  startup_stm32f4xx.o(.text)
    WWDG_IRQHandler                          0x080001b7   Thumb Code     0  startup_stm32f4xx.o(.text)
    __aeabi_memcpy                           0x080001c1   Thumb Code    36  memcpya.o(.text)
    __aeabi_memcpy4                          0x080001c1   Thumb Code     0  memcpya.o(.text)
    __aeabi_memcpy8                          0x080001c1   Thumb Code     0  memcpya.o(.text)
    __scatterload                            0x080001e5   Thumb Code    28  init.o(.text)
    __scatterload_rt2                        0x080001e5   Thumb Code     0  init.o(.text)
    BusFault_Handler                         0x08000209   Thumb Code     2  stm32f4xx_it.o(i.BusFault_Handler)
    CalChecksum                              0x0800020d   Thumb Code    22  ymodem.o(i.CalChecksum)
    Cal_CRC16                                0x08000225   Thumb Code    40  ymodem.o(i.Cal_CRC16)
    DebugMon_Handler                         0x0800024d   Thumb Code     2  stm32f4xx_it.o(i.DebugMon_Handler)
    Delay_us                                 0x0800024f   Thumb Code    44  common.o(i.Delay_us)
    FLASH_ClearFlag                          0x0800027d   Thumb Code     6  stm32f4xx_flash.o(i.FLASH_ClearFlag)
    FLASH_EraseSector                        0x08000289   Thumb Code   104  stm32f4xx_flash.o(i.FLASH_EraseSector)
    FLASH_GetStatus                          0x080002f5   Thumb Code    46  stm32f4xx_flash.o(i.FLASH_GetStatus)
    FLASH_If_DisableWriteProtection          0x08000329   Thumb Code    54  flash_if.o(i.FLASH_If_DisableWriteProtection)
    FLASH_If_Erase                           0x08000365   Thumb Code    38  flash_if.o(i.FLASH_If_Erase)
    FLASH_If_GetWriteProtectionStatus        0x08000391   Thumb Code    38  flash_if.o(i.FLASH_If_GetWriteProtectionStatus)
    FLASH_If_Init                            0x080003bd   Thumb Code    16  flash_if.o(i.FLASH_If_Init)
    FLASH_If_Write                           0x080003cd   Thumb Code    74  flash_if.o(i.FLASH_If_Write)
    FLASH_OB_GetWRP                          0x0800041d   Thumb Code     6  stm32f4xx_flash.o(i.FLASH_OB_GetWRP)
    FLASH_OB_Launch                          0x08000429   Thumb Code    14  stm32f4xx_flash.o(i.FLASH_OB_Launch)
    FLASH_OB_Unlock                          0x0800043d   Thumb Code    22  stm32f4xx_flash.o(i.FLASH_OB_Unlock)
    FLASH_OB_WRPConfig                       0x08000461   Thumb Code    30  stm32f4xx_flash.o(i.FLASH_OB_WRPConfig)
    FLASH_ProgramWord                        0x08000485   Thumb Code    56  stm32f4xx_flash.o(i.FLASH_ProgramWord)
    FLASH_Unlock                             0x080004c1   Thumb Code    22  stm32f4xx_flash.o(i.FLASH_Unlock)
    FLASH_WaitForLastOperation               0x080004e5   Thumb Code    30  stm32f4xx_flash.o(i.FLASH_WaitForLastOperation)
    GPIO_Init                                0x08000503   Thumb Code   162  stm32f4xx_gpio.o(i.GPIO_Init)
    GPIO_PinAFConfig                         0x080005a5   Thumb Code    32  stm32f4xx_gpio.o(i.GPIO_PinAFConfig)
    GPIO_ResetBits                           0x080005c5   Thumb Code     4  stm32f4xx_gpio.o(i.GPIO_ResetBits)
    GPIO_SetBits                             0x080005c9   Thumb Code     4  stm32f4xx_gpio.o(i.GPIO_SetBits)
    GetKey                                   0x080005cd   Thumb Code    24  common.o(i.GetKey)
    HardFault_Handler                        0x080006a1   Thumb Code     2  stm32f4xx_it.o(i.HardFault_Handler)
    Int2Str                                  0x08000749   Thumb Code    60  common.o(i.Int2Str)
    Main_Menu                                0x08000789   Thumb Code   206  menu.o(i.Main_Menu)
    MemManage_Handler                        0x08000ac5   Thumb Code     2  stm32f4xx_it.o(i.MemManage_Handler)
    NMI_Handler                              0x08000ac7   Thumb Code     2  stm32f4xx_it.o(i.NMI_Handler)
    PendSV_Handler                           0x08000ac9   Thumb Code     2  stm32f4xx_it.o(i.PendSV_Handler)
    RCC_AHB1PeriphClockCmd                   0x08000acd   Thumb Code    18  stm32f4xx_rcc.o(i.RCC_AHB1PeriphClockCmd)
    RCC_APB1PeriphClockCmd                   0x08000ae5   Thumb Code    18  stm32f4xx_rcc.o(i.RCC_APB1PeriphClockCmd)
    RCC_GetClocksFreq                        0x08000afd   Thumb Code   114  stm32f4xx_rcc.o(i.RCC_GetClocksFreq)
    STM_EVAL_COMInit                         0x08000c5d   Thumb Code   184  stm324xg_eval.o(i.STM_EVAL_COMInit)
    SVC_Handler                              0x08000d1d   Thumb Code     2  stm32f4xx_it.o(i.SVC_Handler)
    SerialDownload                           0x08000d21   Thumb Code   132  menu.o(i.SerialDownload)
    SerialKeyPressed                         0x08000ec5   Thumb Code    28  common.o(i.SerialKeyPressed)
    SerialPutChar                            0x08000ee5   Thumb Code    72  common.o(i.SerialPutChar)
    SerialUpload                             0x08000f35   Thumb Code    46  menu.o(i.SerialUpload)
    Serial_PutString                         0x08000fe9   Thumb Code    22  common.o(i.Serial_PutString)
    Str2Int                                  0x080010b5   Thumb Code   188  common.o(i.Str2Int)
    SysTick_Handler                          0x08001171   Thumb Code     2  stm32f4xx_it.o(i.SysTick_Handler)
    SystemInit                               0x08001175   Thumb Code    74  system_stm32f4xx.o(i.SystemInit)
    USART_Cmd                                0x080011d1   Thumb Code    20  stm32f4xx_usart.o(i.USART_Cmd)
    USART_GetFlagStatus                      0x080011e5   Thumb Code    14  stm32f4xx_usart.o(i.USART_GetFlagStatus)
    USART_Init                               0x080011f5   Thumb Code   164  stm32f4xx_usart.o(i.USART_Init)
    USART_SendData                           0x080012a1   Thumb Code     8  stm32f4xx_usart.o(i.USART_SendData)
    UpdateCRC16                              0x080012a9   Thumb Code    32  ymodem.o(i.UpdateCRC16)
    UsageFault_Handler                       0x080012c9   Thumb Code     2  stm32f4xx_it.o(i.UsageFault_Handler)
    Ymodem_PrepareIntialPacket               0x080012cb   Thumb Code    88  ymodem.o(i.Ymodem_PrepareIntialPacket)
    Ymodem_PreparePacket                     0x08001323   Thumb Code    86  ymodem.o(i.Ymodem_PreparePacket)
    Ymodem_Receive                           0x08001379   Thumb Code   372  ymodem.o(i.Ymodem_Receive)
    Ymodem_SendPacket                        0x080014f5   Thumb Code    26  ymodem.o(i.Ymodem_SendPacket)
    Ymodem_Transmit                          0x08001511   Thumb Code   514  ymodem.o(i.Ymodem_Transmit)
    __scatterload_copy                       0x08001719   Thumb Code    14  handlers.o(i.__scatterload_copy)
    __scatterload_null                       0x08001727   Thumb Code     2  handlers.o(i.__scatterload_null)
    __scatterload_zeroinit                   0x08001729   Thumb Code    14  handlers.o(i.__scatterload_zeroinit)
    main                                     0x08001739   Thumb Code    62  main.o(i.main)
    COM_TX_PIN                               0x08001790   Data           2  stm324xg_eval.o(.constdata)
    COM_RX_PIN                               0x08001792   Data           2  stm324xg_eval.o(.constdata)
    COM_TX_PIN_SOURCE                        0x08001794   Data           2  stm324xg_eval.o(.constdata)
    COM_RX_PIN_SOURCE                        0x08001796   Data           2  stm324xg_eval.o(.constdata)
    COM_TX_AF                                0x08001798   Data           2  stm324xg_eval.o(.constdata)
    COM_RX_AF                                0x0800179a   Data           2  stm324xg_eval.o(.constdata)
    COM_USART_CLK                            0x0800179c   Data           4  stm324xg_eval.o(.constdata)
    COM_TX_PORT_CLK                          0x080017a0   Data           4  stm324xg_eval.o(.constdata)
    COM_RX_PORT_CLK                          0x080017a4   Data           4  stm324xg_eval.o(.constdata)
    BUTTON_PIN                               0x080017a8   Data           6  stm324xg_eval.o(.constdata)
    BUTTON_EXTI_LINE                         0x080017ae   Data           6  stm324xg_eval.o(.constdata)
    BUTTON_PORT_SOURCE                       0x080017b4   Data           6  stm324xg_eval.o(.constdata)
    BUTTON_PIN_SOURCE                        0x080017ba   Data           6  stm324xg_eval.o(.constdata)
    BUTTON_IRQn                              0x080017c0   Data           6  stm324xg_eval.o(.constdata)
    GPIO_PIN                                 0x080017c6   Data           8  stm324xg_eval.o(.constdata)
    GPIO_CLK                                 0x080017d0   Data          16  stm324xg_eval.o(.constdata)
    BUTTON_CLK                               0x080017e0   Data          12  stm324xg_eval.o(.constdata)
    Region$$Table$$Base                      0x080019bc   Number         0  anon$$obj.o(Region$$Table)
    Region$$Table$$Limit                     0x080019dc   Number         0  anon$$obj.o(Region$$Table)
    Command_str                              0x20000000   Data           4  main.o(.data)
    FlashProtection                          0x20000004   Data           4  menu.o(.data)
    Jump_To_Application                      0x20000008   Data           4  menu.o(.data)
    JumpAddress                              0x2000000c   Data           4  menu.o(.data)
    COM_USART                                0x20000010   Data           4  stm324xg_eval.o(.data)
    COM_TX_PORT                              0x20000014   Data           4  stm324xg_eval.o(.data)
    COM_RX_PORT                              0x20000018   Data           4  stm324xg_eval.o(.data)
    NVIC_InitStructure                       0x2000001c   Data           4  stm324xg_eval.o(.data)
    GPIO_PORT                                0x20000020   Data          16  stm324xg_eval.o(.data)
    BUTTON_PORT                              0x20000030   Data          12  stm324xg_eval.o(.data)
    tab_1024                                 0x2000004c   Data        1024  menu.o(.bss)
    FileName                                 0x2000044c   Data         256  menu.o(.bss)
    __initial_sp                             0x20000950   Data           0  startup_stm32f4xx.o(STACK)



==============================================================================

Memory Map of the image

  Image Entry point : 0x08000189

  Load Region LR_IROM1 (Base: 0x08000000, Size: 0x00001a28, Max: 0x00080000, ABSOLUTE)

    Execution Region ER_IROM1 (Base: 0x08000000, Size: 0x000019dc, Max: 0x00080000, ABSOLUTE)

    Base Addr    Size         Type   Attr      Idx    E Section Name        Object

    0x08000000   0x00000188   Data   RO         4599    RESET               startup_stm32f4xx.o
    0x08000188   0x00000000   Code   RO         4604  * .ARM.Collect$$$$00000000  mc_w.l(entry.o)
    0x08000188   0x00000004   Code   RO         4611    .ARM.Collect$$$$00000001  mc_w.l(entry2.o)
    0x0800018c   0x00000004   Code   RO         4614    .ARM.Collect$$$$00000004  mc_w.l(entry5.o)
    0x08000190   0x00000000   Code   RO         4616    .ARM.Collect$$$$00000008  mc_w.l(entry7b.o)
    0x08000190   0x00000000   Code   RO         4618    .ARM.Collect$$$$0000000A  mc_w.l(entry8b.o)
    0x08000190   0x00000008   Code   RO         4619    .ARM.Collect$$$$0000000B  mc_w.l(entry9a.o)
    0x08000198   0x00000000   Code   RO         4621    .ARM.Collect$$$$0000000D  mc_w.l(entry10a.o)
    0x08000198   0x00000000   Code   RO         4623    .ARM.Collect$$$$0000000F  mc_w.l(entry11a.o)
    0x08000198   0x00000004   Code   RO         4612    .ARM.Collect$$$$00002712  mc_w.l(entry2.o)
    0x0800019c   0x00000024   Code   RO         4600    .text               startup_stm32f4xx.o
    0x080001c0   0x00000024   Code   RO         4607    .text               mc_w.l(memcpya.o)
    0x080001e4   0x00000024   Code   RO         4625    .text               mc_w.l(init.o)
    0x08000208   0x00000002   Code   RO          319    i.BusFault_Handler  stm32f4xx_it.o
    0x0800020a   0x00000002   PAD
    0x0800020c   0x00000016   Code   RO          390    i.CalChecksum       ymodem.o
    0x08000222   0x00000002   PAD
    0x08000224   0x00000028   Code   RO          391    i.Cal_CRC16         ymodem.o
    0x0800024c   0x00000002   Code   RO          320    i.DebugMon_Handler  stm32f4xx_it.o
    0x0800024e   0x0000002c   Code   RO            3    i.Delay_us          common.o
    0x0800027a   0x00000002   PAD
    0x0800027c   0x0000000c   Code   RO         1725    i.FLASH_ClearFlag   stm32f4xx_flash.o
    0x08000288   0x0000006c   Code   RO         1729    i.FLASH_EraseSector  stm32f4xx_flash.o
    0x080002f4   0x00000034   Code   RO         1731    i.FLASH_GetStatus   stm32f4xx_flash.o
    0x08000328   0x0000003c   Code   RO          185    i.FLASH_If_DisableWriteProtection  flash_if.o
    0x08000364   0x0000002c   Code   RO          186    i.FLASH_If_Erase    flash_if.o
    0x08000390   0x0000002c   Code   RO          187    i.FLASH_If_GetWriteProtectionStatus  flash_if.o
    0x080003bc   0x00000010   Code   RO          188    i.FLASH_If_Init     flash_if.o
    0x080003cc   0x00000050   Code   RO          189    i.FLASH_If_Write    flash_if.o
    0x0800041c   0x0000000c   Code   RO         1740    i.FLASH_OB_GetWRP   stm32f4xx_flash.o
    0x08000428   0x00000014   Code   RO         1741    i.FLASH_OB_Launch   stm32f4xx_flash.o
    0x0800043c   0x00000024   Code   RO         1744    i.FLASH_OB_Unlock   stm32f4xx_flash.o
    0x08000460   0x00000024   Code   RO         1746    i.FLASH_OB_WRPConfig  stm32f4xx_flash.o
    0x08000484   0x0000003c   Code   RO         1751    i.FLASH_ProgramWord  stm32f4xx_flash.o
    0x080004c0   0x00000024   Code   RO         1753    i.FLASH_Unlock      stm32f4xx_flash.o
    0x080004e4   0x0000001e   Code   RO         1754    i.FLASH_WaitForLastOperation  stm32f4xx_flash.o
    0x08000502   0x000000a2   Code   RO         2048    i.GPIO_Init         stm32f4xx_gpio.o
    0x080005a4   0x00000020   Code   RO         2049    i.GPIO_PinAFConfig  stm32f4xx_gpio.o
    0x080005c4   0x00000004   Code   RO         2055    i.GPIO_ResetBits    stm32f4xx_gpio.o
    0x080005c8   0x00000004   Code   RO         2056    i.GPIO_SetBits      stm32f4xx_gpio.o
    0x080005cc   0x00000018   Code   RO            6    i.GetKey            common.o
    0x080005e4   0x000000bc   Code   RO          190    i.GetSector         flash_if.o
    0x080006a0   0x00000002   Code   RO          321    i.HardFault_Handler  stm32f4xx_it.o
    0x080006a2   0x00000002   PAD
    0x080006a4   0x000000a4   Code   RO          237    i.IAP_Init          main.o
    0x08000748   0x00000040   Code   RO            7    i.Int2Str           common.o
    0x08000788   0x0000033c   Code   RO          272    i.Main_Menu         menu.o
    0x08000ac4   0x00000002   Code   RO          322    i.MemManage_Handler  stm32f4xx_it.o
    0x08000ac6   0x00000002   Code   RO          323    i.NMI_Handler       stm32f4xx_it.o
    0x08000ac8   0x00000002   Code   RO          324    i.PendSV_Handler    stm32f4xx_it.o
    0x08000aca   0x00000002   PAD
    0x08000acc   0x00000018   Code   RO         2661    i.RCC_AHB1PeriphClockCmd  stm32f4xx_rcc.o
    0x08000ae4   0x00000018   Code   RO         2670    i.RCC_APB1PeriphClockCmd  stm32f4xx_rcc.o
    0x08000afc   0x00000080   Code   RO         2682    i.RCC_GetClocksFreq  stm32f4xx_rcc.o
    0x08000b7c   0x00000020   Code   RO          392    i.Receive_Byte      ymodem.o
    0x08000b9c   0x000000c0   Code   RO          393    i.Receive_Packet    ymodem.o
    0x08000c5c   0x000000c0   Code   RO          473    i.STM_EVAL_COMInit  stm324xg_eval.o
    0x08000d1c   0x00000002   Code   RO          325    i.SVC_Handler       stm32f4xx_it.o
    0x08000d1e   0x00000002   PAD
    0x08000d20   0x000001a4   Code   RO          273    i.SerialDownload    menu.o
    0x08000ec4   0x00000020   Code   RO            8    i.SerialKeyPressed  common.o
    0x08000ee4   0x00000050   Code   RO            9    i.SerialPutChar     common.o
    0x08000f34   0x000000b4   Code   RO          274    i.SerialUpload      menu.o
    0x08000fe8   0x00000016   Code   RO           10    i.Serial_PutString  common.o
    0x08000ffe   0x00000002   PAD
    0x08001000   0x000000b4   Code   RO         4562    i.SetSysClock       system_stm32f4xx.o
    0x080010b4   0x000000bc   Code   RO           11    i.Str2Int           common.o
    0x08001170   0x00000002   Code   RO          326    i.SysTick_Handler   stm32f4xx_it.o
    0x08001172   0x00000002   PAD
    0x08001174   0x0000005c   Code   RO         4564    i.SystemInit        system_stm32f4xx.o
    0x080011d0   0x00000014   Code   RO         4316    i.USART_Cmd         stm32f4xx_usart.o
    0x080011e4   0x0000000e   Code   RO         4319    i.USART_GetFlagStatus  stm32f4xx_usart.o
    0x080011f2   0x00000002   PAD
    0x080011f4   0x000000ac   Code   RO         4323    i.USART_Init        stm32f4xx_usart.o
    0x080012a0   0x00000008   Code   RO         4333    i.USART_SendData    stm32f4xx_usart.o
    0x080012a8   0x00000020   Code   RO          394    i.UpdateCRC16       ymodem.o
    0x080012c8   0x00000002   Code   RO          327    i.UsageFault_Handler  stm32f4xx_it.o
    0x080012ca   0x00000058   Code   RO          396    i.Ymodem_PrepareIntialPacket  ymodem.o
    0x08001322   0x00000056   Code   RO          397    i.Ymodem_PreparePacket  ymodem.o
    0x08001378   0x0000017c   Code   RO          398    i.Ymodem_Receive    ymodem.o
    0x080014f4   0x0000001a   Code   RO          399    i.Ymodem_SendPacket  ymodem.o
    0x0800150e   0x00000002   PAD
    0x08001510   0x00000208   Code   RO          400    i.Ymodem_Transmit   ymodem.o
    0x08001718   0x0000000e   Code   RO         4629    i.__scatterload_copy  mc_w.l(handlers.o)
    0x08001726   0x00000002   Code   RO         4630    i.__scatterload_null  mc_w.l(handlers.o)
    0x08001728   0x0000000e   Code   RO         4631    i.__scatterload_zeroinit  mc_w.l(handlers.o)
    0x08001736   0x00000002   PAD
    0x08001738   0x00000058   Code   RO          238    i.main              main.o
    0x08001790   0x0000005c   Data   RO          484    .constdata          stm324xg_eval.o
    0x080017ec   0x000001cd   Data   RO          276    .conststring        menu.o
    0x080019b9   0x00000003   PAD
    0x080019bc   0x00000020   Data   RO         4627    Region$$Table       anon$$obj.o


    Execution Region RW_IRAM1 (Base: 0x20000000, Size: 0x00000950, Max: 0x00030000, ABSOLUTE)

    Base Addr    Size         Type   Attr      Idx    E Section Name        Object

    0x20000000   0x00000004   Data   RW          239    .data               main.o
    0x20000004   0x0000000c   Data   RW          277    .data               menu.o
    0x20000010   0x0000002c   Data   RW          485    .data               stm324xg_eval.o
    0x2000003c   0x00000010   Data   RW         2705    .data               stm32f4xx_rcc.o
    0x2000004c   0x00000500   Zero   RW          275    .bss                menu.o
    0x2000054c   0x00000004   PAD
    0x20000550   0x00000400   Zero   RW         4597    STACK               startup_stm32f4xx.o


==============================================================================

Image component sizes


      Code (inc. data)   RO Data    RW Data    ZI Data      Debug   Object Name

       454         16          0          0          0     267226   common.o
       432         66          0          0          0       4148   flash_if.o
       252         34          0          4          0       3767   main.o
      1428       1044        461         12       1280      30771   menu.o
        36          8        392          0       1024        972   startup_stm32f4xx.o
       192          8         92         44          0       2843   stm324xg_eval.o
       402         66          0          0          0       7223   stm32f4xx_flash.o
       202          0          0          0          0       3167   stm32f4xx_gpio.o
        18          0          0          0          0       4418   stm32f4xx_it.o
       176         26          0         16          0       4174   stm32f4xx_rcc.o
       214          8          0          0          0       3576   stm32f4xx_usart.o
       272         36          0          0          0       1661   system_stm32f4xx.o
      1418         20          0          0          0       9548   ymodem.o

    ----------------------------------------------------------------------
      5516       1332        980         76       2308     343494   Object Totals
         0          0         32          0          0          0   (incl. Generated)
        20          0          3          0          4          0   (incl. Padding)

    ----------------------------------------------------------------------

      Code (inc. data)   RO Data    RW Data    ZI Data      Debug   Library Member Name

         0          0          0          0          0          0   entry.o
         0          0          0          0          0          0   entry10a.o
         0          0          0          0          0          0   entry11a.o
         8          4          0          0          0          0   entry2.o
         4          0          0          0          0          0   entry5.o
         0          0          0          0          0          0   entry7b.o
         0          0          0          0          0          0   entry8b.o
         8          4          0          0          0          0   entry9a.o
        30          0          0          0          0          0   handlers.o
        36          8          0          0          0         68   init.o
        36          0          0          0          0         68   memcpya.o

    ----------------------------------------------------------------------
       124         16          0          0          0        136   Library Totals
         2          0          0          0          0          0   (incl. Padding)

    ----------------------------------------------------------------------

      Code (inc. data)   RO Data    RW Data    ZI Data      Debug   Library Name

       122         16          0          0          0        136   mc_w.l

    ----------------------------------------------------------------------
       124         16          0          0          0        136   Library Totals

    ----------------------------------------------------------------------

==============================================================================


      Code (inc. data)   RO Data    RW Data    ZI Data      Debug   

      5640       1348        980         76       2308     338434   Grand Totals
      5640       1348        980         76       2308     338434   ELF Image Totals
      5640       1348        980         76          0          0   ROM Totals

==============================================================================

    Total RO  Size (Code + RO Data)                 6620 (   6.46kB)
    Total RW  Size (RW Data + ZI Data)              2384 (   2.33kB)
    Total ROM Size (Code + RO Data + RW Data)       6696 (   6.54kB)

==============================================================================

