<html>
<body>
<pre>
<h1>µVision Build Log</h1>
<h2>Tool Versions:</h2>
IDE-Version: ¦ÌVision V5.14.0.0
Copyright (C) 2015 ARM Ltd and ARM Germany GmbH. All rights reserved.
License Information: guih Microsoft, Microsoft, LIC=LJWAR-K79V5-C0MN2-9G72W-G59IL-MXTCK
 
Tool Versions:
Toolchain:       MDK-ARM Professional  Version: 5.14.0.0
Toolchain Path:  D:\Program Files (x86)\Keil_v5\ARM\ARMCC\Bin
C Compiler:      Armcc.exe V5.05 update 1 (build 106)
Assembler:       Armasm.exe V5.05 update 1 (build 106)
Linker/Locator:  ArmLink.exe V5.05 update 1 (build 106)
Library Manager: ArmAr.exe V5.05 update 1 (build 106)
Hex Converter:   FromElf.exe V5.05 update 1 (build 106)
CPU DLL:         SARMCM3.DLL V5.14.0.0
Dialog DLL:      DCM.DLL V1.13.1.0
Target DLL:      Segger\JL2CM3.dll V2.99.13.0
Dialog DLL:      TCM.DLL V1.14.4.0
 
<h2>Project:</h2>
E:\Work\Projects\Anemoscope\SourceCode\STM32F4xx_IAP\Project\STM32F4xx_IAP\MDK-ARM\Project.uvproj
Project File Date:  09/17/2020

<h2>Output:</h2>
Build target 'STM324xG_EVAL'
compiling common.c...
compiling main.c...
linking...
Program Size: Code=5640 RO-data=980 RW-data=76 ZI-data=2308  
FromELF: creating hex file...
".\STM324xG_EVAL\STM324xG_EVAL.axf" - 0 Error(s), 0 Warning(s).
</pre>
</body>
</html>
